Archive member included because of file (symbol)

.\CortexM0\ARM_GCC_493\Debug\fv1_controller.a(cyfitter_cfg.o)
                              .\CortexM0\ARM_GCC_493\Debug\Cm0Start.o (cyfitter_cfg)
.\CortexM0\ARM_GCC_493\Debug\fv1_controller.a(LED_GREEN.o)
                              .\CortexM0\ARM_GCC_493\Debug\main.o (LED_GREEN_Write)
.\CortexM0\ARM_GCC_493\Debug\fv1_controller.a(CyLib.o)
                              .\CortexM0\ARM_GCC_493\Debug\fv1_controller.a(cyfitter_cfg.o) (CySysClkWriteImoFreq)
.\CortexM0\ARM_GCC_493\Debug\fv1_controller.a(D3.o)
                              .\CortexM0\ARM_GCC_493\Debug\main.o (D3_Write)
.\CortexM0\ARM_GCC_493\Debug\fv1_controller.a(D4.o)
                              .\CortexM0\ARM_GCC_493\Debug\main.o (D4_Write)
.\CortexM0\ARM_GCC_493\Debug\fv1_controller.a(D5.o)
                              .\CortexM0\ARM_GCC_493\Debug\main.o (D5_Write)
.\CortexM0\ARM_GCC_493\Debug\fv1_controller.a(S0.o)
                              .\CortexM0\ARM_GCC_493\Debug\main.o (S0_Write)
.\CortexM0\ARM_GCC_493\Debug\fv1_controller.a(S1.o)
                              .\CortexM0\ARM_GCC_493\Debug\main.o (S1_Write)
.\CortexM0\ARM_GCC_493\Debug\fv1_controller.a(S2.o)
                              .\CortexM0\ARM_GCC_493\Debug\main.o (S2_Write)
.\CortexM0\ARM_GCC_493\Debug\fv1_controller.a(ADC.o)
                              .\CortexM0\ARM_GCC_493\Debug\main.o (ADC_Start)
.\CortexM0\ARM_GCC_493\Debug\fv1_controller.a(ADC_INT.o)
                              .\CortexM0\ARM_GCC_493\Debug\fv1_controller.a(ADC.o) (ADC_ISR)
.\CortexM0\ARM_GCC_493\Debug\fv1_controller.a(CyBootAsmGnu.o)
                              .\CortexM0\ARM_GCC_493\Debug\fv1_controller.a(CyLib.o) (CyDelayCycles)
c:/program files (x86)/cypress/psoc creator/4.0/psoc creator/import/gnu/arm/4.9.3/bin/../lib/gcc/arm-none-eabi/4.9.3/armv6-m\libgcc.a(_udivsi3.o)
                              .\CortexM0\ARM_GCC_493\Debug\fv1_controller.a(CyLib.o) (__aeabi_uidiv)
c:/program files (x86)/cypress/psoc creator/4.0/psoc creator/import/gnu/arm/4.9.3/bin/../lib/gcc/arm-none-eabi/4.9.3/armv6-m\libgcc.a(_divsi3.o)
                              .\CortexM0\ARM_GCC_493\Debug\fv1_controller.a(ADC.o) (__aeabi_idiv)
c:/program files (x86)/cypress/psoc creator/4.0/psoc creator/import/gnu/arm/4.9.3/bin/../lib/gcc/arm-none-eabi/4.9.3/armv6-m\libgcc.a(_dvmd_tls.o)
                              c:/program files (x86)/cypress/psoc creator/4.0/psoc creator/import/gnu/arm/4.9.3/bin/../lib/gcc/arm-none-eabi/4.9.3/armv6-m\libgcc.a(_udivsi3.o) (__aeabi_idiv0)
c:/program files (x86)/cypress/psoc creator/4.0/psoc creator/import/gnu/arm/4.9.3/bin/../lib/gcc/arm-none-eabi/4.9.3/armv6-m\libgcc.a(_aeabi_ldivmod.o)
                              .\CortexM0\ARM_GCC_493\Debug\fv1_controller.a(ADC.o) (__aeabi_ldivmod)
c:/program files (x86)/cypress/psoc creator/4.0/psoc creator/import/gnu/arm/4.9.3/bin/../lib/gcc/arm-none-eabi/4.9.3/armv6-m\libgcc.a(_muldi3.o)
                              .\CortexM0\ARM_GCC_493\Debug\fv1_controller.a(ADC.o) (__aeabi_lmul)
c:/program files (x86)/cypress/psoc creator/4.0/psoc creator/import/gnu/arm/4.9.3/bin/../lib/gcc/arm-none-eabi/4.9.3/armv6-m\libgcc.a(bpabi.o)
                              c:/program files (x86)/cypress/psoc creator/4.0/psoc creator/import/gnu/arm/4.9.3/bin/../lib/gcc/arm-none-eabi/4.9.3/armv6-m\libgcc.a(_aeabi_ldivmod.o) (__gnu_ldivmod_helper)
c:/program files (x86)/cypress/psoc creator/4.0/psoc creator/import/gnu/arm/4.9.3/bin/../lib/gcc/arm-none-eabi/4.9.3/armv6-m\libgcc.a(divsf3.o)
                              .\CortexM0\ARM_GCC_493\Debug\fv1_controller.a(ADC.o) (__aeabi_fdiv)
c:/program files (x86)/cypress/psoc creator/4.0/psoc creator/import/gnu/arm/4.9.3/bin/../lib/gcc/arm-none-eabi/4.9.3/armv6-m\libgcc.a(mulsf3.o)
                              .\CortexM0\ARM_GCC_493\Debug\fv1_controller.a(ADC.o) (__aeabi_fmul)
c:/program files (x86)/cypress/psoc creator/4.0/psoc creator/import/gnu/arm/4.9.3/bin/../lib/gcc/arm-none-eabi/4.9.3/armv6-m\libgcc.a(floatsisf.o)
                              .\CortexM0\ARM_GCC_493\Debug\fv1_controller.a(ADC.o) (__aeabi_i2f)
c:/program files (x86)/cypress/psoc creator/4.0/psoc creator/import/gnu/arm/4.9.3/bin/../lib/gcc/arm-none-eabi/4.9.3/armv6-m\libgcc.a(_clzsi2.o)
                              c:/program files (x86)/cypress/psoc creator/4.0/psoc creator/import/gnu/arm/4.9.3/bin/../lib/gcc/arm-none-eabi/4.9.3/armv6-m\libgcc.a(divsf3.o) (__clzsi2)
c:/program files (x86)/cypress/psoc creator/4.0/psoc creator/import/gnu/arm/4.9.3/bin/../lib/gcc/arm-none-eabi/4.9.3/armv6-m\libgcc.a(_divdi3.o)
                              c:/program files (x86)/cypress/psoc creator/4.0/psoc creator/import/gnu/arm/4.9.3/bin/../lib/gcc/arm-none-eabi/4.9.3/armv6-m\libgcc.a(bpabi.o) (__divdi3)
c:/program files (x86)/cypress/psoc creator/4.0/psoc creator/import/gnu/arm/4.9.3/bin/../lib/gcc/arm-none-eabi/4.9.3/armv6-m\libgcc.a(_udivdi3.o)
                              c:/program files (x86)/cypress/psoc creator/4.0/psoc creator/import/gnu/arm/4.9.3/bin/../lib/gcc/arm-none-eabi/4.9.3/armv6-m\libgcc.a(bpabi.o) (__udivdi3)
c:/program files (x86)/cypress/psoc creator/4.0/psoc creator/import/gnu/arm/4.9.3/bin/../lib/gcc/arm-none-eabi/4.9.3/armv6-m\libgcc.a(_clzdi2.o)
                              c:/program files (x86)/cypress/psoc creator/4.0/psoc creator/import/gnu/arm/4.9.3/bin/../lib/gcc/arm-none-eabi/4.9.3/armv6-m\libgcc.a(_divdi3.o) (__clzdi2)
c:/program files (x86)/cypress/psoc creator/4.0/psoc creator/import/gnu/arm/4.9.3/bin/../lib/gcc/arm-none-eabi/4.9.3/../../../../arm-none-eabi/lib/armv6-m\libg_nano.a(lib_a-errno.o)
                              .\CortexM0\ARM_GCC_493\Debug\Cm0Start.o (__errno)
c:/program files (x86)/cypress/psoc creator/4.0/psoc creator/import/gnu/arm/4.9.3/bin/../lib/gcc/arm-none-eabi/4.9.3/../../../../arm-none-eabi/lib/armv6-m\libg_nano.a(lib_a-exit.o)
                              c:/program files (x86)/cypress/psoc creator/4.0/psoc creator/import/gnu/arm/4.9.3/bin/../lib/gcc/arm-none-eabi/4.9.3/../../../../arm-none-eabi/lib/armv6-m/crt0.o (exit)
c:/program files (x86)/cypress/psoc creator/4.0/psoc creator/import/gnu/arm/4.9.3/bin/../lib/gcc/arm-none-eabi/4.9.3/../../../../arm-none-eabi/lib/armv6-m\libg_nano.a(lib_a-impure.o)
                              c:/program files (x86)/cypress/psoc creator/4.0/psoc creator/import/gnu/arm/4.9.3/bin/../lib/gcc/arm-none-eabi/4.9.3/../../../../arm-none-eabi/lib/armv6-m\libg_nano.a(lib_a-exit.o) (_global_impure_ptr)
c:/program files (x86)/cypress/psoc creator/4.0/psoc creator/import/gnu/arm/4.9.3/bin/../lib/gcc/arm-none-eabi/4.9.3/../../../../arm-none-eabi/lib/armv6-m\libg_nano.a(lib_a-init.o)
                              c:/program files (x86)/cypress/psoc creator/4.0/psoc creator/import/gnu/arm/4.9.3/bin/../lib/gcc/arm-none-eabi/4.9.3/../../../../arm-none-eabi/lib/armv6-m/crt0.o (__libc_init_array)
c:/program files (x86)/cypress/psoc creator/4.0/psoc creator/import/gnu/arm/4.9.3/bin/../lib/gcc/arm-none-eabi/4.9.3/../../../../arm-none-eabi/lib/armv6-m\libg_nano.a(lib_a-memcpy.o)
                              .\CortexM0\ARM_GCC_493\Debug\fv1_controller.a(cyfitter_cfg.o) (memcpy)
c:/program files (x86)/cypress/psoc creator/4.0/psoc creator/import/gnu/arm/4.9.3/bin/../lib/gcc/arm-none-eabi/4.9.3/../../../../arm-none-eabi/lib/armv6-m\libg_nano.a(lib_a-memset.o)
                              c:/program files (x86)/cypress/psoc creator/4.0/psoc creator/import/gnu/arm/4.9.3/bin/../lib/gcc/arm-none-eabi/4.9.3/../../../../arm-none-eabi/lib/armv6-m/crt0.o (memset)

Allocating common symbols
Common symbol       size              file

curPos              0x2               .\CortexM0\ARM_GCC_493\Debug\main.o
ADC_countsPer10Volt
                    0x4               .\CortexM0\ARM_GCC_493\Debug\fv1_controller.a(ADC.o)
ADC_offset          0x2               .\CortexM0\ARM_GCC_493\Debug\fv1_controller.a(ADC.o)

Discarded input sections

 .text          0x00000000        0x0 c:/program files (x86)/cypress/psoc creator/4.0/psoc creator/import/gnu/arm/4.9.3/bin/../lib/gcc/arm-none-eabi/4.9.3/armv6-m/crti.o
 .data          0x00000000        0x0 c:/program files (x86)/cypress/psoc creator/4.0/psoc creator/import/gnu/arm/4.9.3/bin/../lib/gcc/arm-none-eabi/4.9.3/armv6-m/crti.o
 .bss           0x00000000        0x0 c:/program files (x86)/cypress/psoc creator/4.0/psoc creator/import/gnu/arm/4.9.3/bin/../lib/gcc/arm-none-eabi/4.9.3/armv6-m/crti.o
 .data          0x00000000        0x4 c:/program files (x86)/cypress/psoc creator/4.0/psoc creator/import/gnu/arm/4.9.3/bin/../lib/gcc/arm-none-eabi/4.9.3/armv6-m/crtbegin.o
 .text          0x00000000       0x78 c:/program files (x86)/cypress/psoc creator/4.0/psoc creator/import/gnu/arm/4.9.3/bin/../lib/gcc/arm-none-eabi/4.9.3/../../../../arm-none-eabi/lib/armv6-m/crt0.o
 .data          0x00000000        0x0 c:/program files (x86)/cypress/psoc creator/4.0/psoc creator/import/gnu/arm/4.9.3/bin/../lib/gcc/arm-none-eabi/4.9.3/../../../../arm-none-eabi/lib/armv6-m/crt0.o
 .bss           0x00000000        0x0 c:/program files (x86)/cypress/psoc creator/4.0/psoc creator/import/gnu/arm/4.9.3/bin/../lib/gcc/arm-none-eabi/4.9.3/../../../../arm-none-eabi/lib/armv6-m/crt0.o
 .ARM.extab     0x00000000        0x0 c:/program files (x86)/cypress/psoc creator/4.0/psoc creator/import/gnu/arm/4.9.3/bin/../lib/gcc/arm-none-eabi/4.9.3/../../../../arm-none-eabi/lib/armv6-m/crt0.o
 .ARM.exidx     0x00000000        0x8 c:/program files (x86)/cypress/psoc creator/4.0/psoc creator/import/gnu/arm/4.9.3/bin/../lib/gcc/arm-none-eabi/4.9.3/../../../../arm-none-eabi/lib/armv6-m/crt0.o
 .text          0x00000000        0x0 .\CortexM0\ARM_GCC_493\Debug\main.o
 .data          0x00000000        0x0 .\CortexM0\ARM_GCC_493\Debug\main.o
 .bss           0x00000000        0x0 .\CortexM0\ARM_GCC_493\Debug\main.o
 .text.InterruptHandler
                0x00000000        0x8 .\CortexM0\ARM_GCC_493\Debug\main.o
 COMMON         0x00000000        0x2 .\CortexM0\ARM_GCC_493\Debug\main.o
 .text          0x00000000        0x0 .\CortexM0\ARM_GCC_493\Debug\cymetadata.o
 .data          0x00000000        0x0 .\CortexM0\ARM_GCC_493\Debug\cymetadata.o
 .bss           0x00000000        0x0 .\CortexM0\ARM_GCC_493\Debug\cymetadata.o
 .text          0x00000000        0x0 .\CortexM0\ARM_GCC_493\Debug\Cm0Start.o
 .data          0x00000000        0x4 .\CortexM0\ARM_GCC_493\Debug\Cm0Start.o
 .bss           0x00000000        0x0 .\CortexM0\ARM_GCC_493\Debug\Cm0Start.o
 .text._exit    0x00000000       0x14 .\CortexM0\ARM_GCC_493\Debug\Cm0Start.o
 .text._sbrk    0x00000000       0x54 .\CortexM0\ARM_GCC_493\Debug\Cm0Start.o
 .text          0x00000000        0x0 .\CortexM0\ARM_GCC_493\Debug\fv1_controller.a(cyfitter_cfg.o)
 .data          0x00000000        0x0 .\CortexM0\ARM_GCC_493\Debug\fv1_controller.a(cyfitter_cfg.o)
 .bss           0x00000000        0x0 .\CortexM0\ARM_GCC_493\Debug\fv1_controller.a(cyfitter_cfg.o)
 .text.CYCONFIGCPY
                0x00000000       0x24 .\CortexM0\ARM_GCC_493\Debug\fv1_controller.a(cyfitter_cfg.o)
 .text.CYCONFIGCPYCODE
                0x00000000       0x24 .\CortexM0\ARM_GCC_493\Debug\fv1_controller.a(cyfitter_cfg.o)
 .text          0x00000000        0x0 .\CortexM0\ARM_GCC_493\Debug\fv1_controller.a(LED_GREEN.o)
 .data          0x00000000        0x0 .\CortexM0\ARM_GCC_493\Debug\fv1_controller.a(LED_GREEN.o)
 .bss           0x00000000        0x0 .\CortexM0\ARM_GCC_493\Debug\fv1_controller.a(LED_GREEN.o)
 .text.LED_GREEN_SetDriveMode
                0x00000000       0x30 .\CortexM0\ARM_GCC_493\Debug\fv1_controller.a(LED_GREEN.o)
 .text.LED_GREEN_Read
                0x00000000       0x1c .\CortexM0\ARM_GCC_493\Debug\fv1_controller.a(LED_GREEN.o)
 .text.LED_GREEN_ReadDataReg
                0x00000000       0x1c .\CortexM0\ARM_GCC_493\Debug\fv1_controller.a(LED_GREEN.o)
 .text.LED_GREEN_SetInterruptMode
                0x00000000       0x40 .\CortexM0\ARM_GCC_493\Debug\fv1_controller.a(LED_GREEN.o)
 .text.LED_GREEN_ClearInterrupt
                0x00000000       0x30 .\CortexM0\ARM_GCC_493\Debug\fv1_controller.a(LED_GREEN.o)
 .text          0x00000000        0x0 .\CortexM0\ARM_GCC_493\Debug\fv1_controller.a(CyLib.o)
 .bss           0x00000000       0x18 .\CortexM0\ARM_GCC_493\Debug\fv1_controller.a(CyLib.o)
 .text.CySysClkImoStart
                0x00000000       0x1c .\CortexM0\ARM_GCC_493\Debug\fv1_controller.a(CyLib.o)
 .text.CySysClkImoStop
                0x00000000       0x18 .\CortexM0\ARM_GCC_493\Debug\fv1_controller.a(CyLib.o)
 .text.CySysClkWriteHfclkDirect
                0x00000000       0x48 .\CortexM0\ARM_GCC_493\Debug\fv1_controller.a(CyLib.o)
 .text.CySysEnablePumpClock
                0x00000000       0x50 .\CortexM0\ARM_GCC_493\Debug\fv1_controller.a(CyLib.o)
 .text.CySysClkGetSysclkSource
                0x00000000       0x34 .\CortexM0\ARM_GCC_493\Debug\fv1_controller.a(CyLib.o)
 .text.CySysClkWriteSysclkDiv
                0x00000000       0x44 .\CortexM0\ARM_GCC_493\Debug\fv1_controller.a(CyLib.o)
 .text.CySysLvdEnable
                0x00000000       0x60 .\CortexM0\ARM_GCC_493\Debug\fv1_controller.a(CyLib.o)
 .text.CySysLvdDisable
                0x00000000       0x28 .\CortexM0\ARM_GCC_493\Debug\fv1_controller.a(CyLib.o)
 .text.CySysLvdGetInterruptSource
                0x00000000       0x18 .\CortexM0\ARM_GCC_493\Debug\fv1_controller.a(CyLib.o)
 .text.CySysLvdClearInterrupt
                0x00000000       0x14 .\CortexM0\ARM_GCC_493\Debug\fv1_controller.a(CyLib.o)
 .text.CySysGetResetReason
                0x00000000       0x30 .\CortexM0\ARM_GCC_493\Debug\fv1_controller.a(CyLib.o)
 .text.CyDisableInts
                0x00000000       0x24 .\CortexM0\ARM_GCC_493\Debug\fv1_controller.a(CyLib.o)
 .text.CyEnableInts
                0x00000000       0x18 .\CortexM0\ARM_GCC_493\Debug\fv1_controller.a(CyLib.o)
 .text.CyIntSetSysVector
                0x00000000       0x48 .\CortexM0\ARM_GCC_493\Debug\fv1_controller.a(CyLib.o)
 .text.CyIntGetSysVector
                0x00000000       0x34 .\CortexM0\ARM_GCC_493\Debug\fv1_controller.a(CyLib.o)
 .text.CyIntGetVector
                0x00000000       0x38 .\CortexM0\ARM_GCC_493\Debug\fv1_controller.a(CyLib.o)
 .text.CyIntGetPriority
                0x00000000       0x5c .\CortexM0\ARM_GCC_493\Debug\fv1_controller.a(CyLib.o)
 .text.CyIntEnable
                0x00000000       0x28 .\CortexM0\ARM_GCC_493\Debug\fv1_controller.a(CyLib.o)
 .text.CyIntGetState
                0x00000000       0x30 .\CortexM0\ARM_GCC_493\Debug\fv1_controller.a(CyLib.o)
 .text.CyIntDisable
                0x00000000       0x28 .\CortexM0\ARM_GCC_493\Debug\fv1_controller.a(CyLib.o)
 .text.CyIntSetPending
                0x00000000       0x28 .\CortexM0\ARM_GCC_493\Debug\fv1_controller.a(CyLib.o)
 .text.CyIntClearPending
                0x00000000       0x28 .\CortexM0\ARM_GCC_493\Debug\fv1_controller.a(CyLib.o)
 .text.CySoftwareReset
                0x00000000       0x20 .\CortexM0\ARM_GCC_493\Debug\fv1_controller.a(CyLib.o)
 .text.CyDelayFreq
                0x00000000       0x84 .\CortexM0\ARM_GCC_493\Debug\fv1_controller.a(CyLib.o)
 .text.CySysTickStart
                0x00000000       0x24 .\CortexM0\ARM_GCC_493\Debug\fv1_controller.a(CyLib.o)
 .text.CySysTickInit
                0x00000000       0x60 .\CortexM0\ARM_GCC_493\Debug\fv1_controller.a(CyLib.o)
 .text.CySysTickEnable
                0x00000000       0x1c .\CortexM0\ARM_GCC_493\Debug\fv1_controller.a(CyLib.o)
 .text.CySysTickStop
                0x00000000       0x18 .\CortexM0\ARM_GCC_493\Debug\fv1_controller.a(CyLib.o)
 .text.CySysTickEnableInterrupt
                0x00000000       0x18 .\CortexM0\ARM_GCC_493\Debug\fv1_controller.a(CyLib.o)
 .text.CySysTickDisableInterrupt
                0x00000000       0x18 .\CortexM0\ARM_GCC_493\Debug\fv1_controller.a(CyLib.o)
 .text.CySysTickSetReload
                0x00000000       0x1c .\CortexM0\ARM_GCC_493\Debug\fv1_controller.a(CyLib.o)
 .text.CySysTickGetReload
                0x00000000       0x18 .\CortexM0\ARM_GCC_493\Debug\fv1_controller.a(CyLib.o)
 .text.CySysTickGetValue
                0x00000000       0x18 .\CortexM0\ARM_GCC_493\Debug\fv1_controller.a(CyLib.o)
 .text.CySysTickGetCountFlag
                0x00000000       0x18 .\CortexM0\ARM_GCC_493\Debug\fv1_controller.a(CyLib.o)
 .text.CySysTickClear
                0x00000000       0x14 .\CortexM0\ARM_GCC_493\Debug\fv1_controller.a(CyLib.o)
 .text.CySysTickSetCallback
                0x00000000       0x2c .\CortexM0\ARM_GCC_493\Debug\fv1_controller.a(CyLib.o)
 .text.CySysTickGetCallback
                0x00000000       0x1c .\CortexM0\ARM_GCC_493\Debug\fv1_controller.a(CyLib.o)
 .text.CySysTickServiceCallbacks
                0x00000000       0x44 .\CortexM0\ARM_GCC_493\Debug\fv1_controller.a(CyLib.o)
 .text.CyGetUniqueId
                0x00000000       0xc0 .\CortexM0\ARM_GCC_493\Debug\fv1_controller.a(CyLib.o)
 .text          0x00000000        0x0 .\CortexM0\ARM_GCC_493\Debug\fv1_controller.a(D3.o)
 .data          0x00000000        0x0 .\CortexM0\ARM_GCC_493\Debug\fv1_controller.a(D3.o)
 .bss           0x00000000        0x0 .\CortexM0\ARM_GCC_493\Debug\fv1_controller.a(D3.o)
 .text.D3_SetDriveMode
                0x00000000       0x30 .\CortexM0\ARM_GCC_493\Debug\fv1_controller.a(D3.o)
 .text.D3_ReadDataReg
                0x00000000       0x1c .\CortexM0\ARM_GCC_493\Debug\fv1_controller.a(D3.o)
 .text.D3_SetInterruptMode
                0x00000000       0x40 .\CortexM0\ARM_GCC_493\Debug\fv1_controller.a(D3.o)
 .text.D3_ClearInterrupt
                0x00000000       0x30 .\CortexM0\ARM_GCC_493\Debug\fv1_controller.a(D3.o)
 .text          0x00000000        0x0 .\CortexM0\ARM_GCC_493\Debug\fv1_controller.a(D4.o)
 .data          0x00000000        0x0 .\CortexM0\ARM_GCC_493\Debug\fv1_controller.a(D4.o)
 .bss           0x00000000        0x0 .\CortexM0\ARM_GCC_493\Debug\fv1_controller.a(D4.o)
 .text.D4_SetDriveMode
                0x00000000       0x2c .\CortexM0\ARM_GCC_493\Debug\fv1_controller.a(D4.o)
 .text.D4_ReadDataReg
                0x00000000       0x1c .\CortexM0\ARM_GCC_493\Debug\fv1_controller.a(D4.o)
 .text.D4_SetInterruptMode
                0x00000000       0x40 .\CortexM0\ARM_GCC_493\Debug\fv1_controller.a(D4.o)
 .text.D4_ClearInterrupt
                0x00000000       0x30 .\CortexM0\ARM_GCC_493\Debug\fv1_controller.a(D4.o)
 .text          0x00000000        0x0 .\CortexM0\ARM_GCC_493\Debug\fv1_controller.a(D5.o)
 .data          0x00000000        0x0 .\CortexM0\ARM_GCC_493\Debug\fv1_controller.a(D5.o)
 .bss           0x00000000        0x0 .\CortexM0\ARM_GCC_493\Debug\fv1_controller.a(D5.o)
 .text.D5_SetDriveMode
                0x00000000       0x2c .\CortexM0\ARM_GCC_493\Debug\fv1_controller.a(D5.o)
 .text.D5_ReadDataReg
                0x00000000       0x1c .\CortexM0\ARM_GCC_493\Debug\fv1_controller.a(D5.o)
 .text.D5_SetInterruptMode
                0x00000000       0x40 .\CortexM0\ARM_GCC_493\Debug\fv1_controller.a(D5.o)
 .text.D5_ClearInterrupt
                0x00000000       0x2c .\CortexM0\ARM_GCC_493\Debug\fv1_controller.a(D5.o)
 .text          0x00000000        0x0 .\CortexM0\ARM_GCC_493\Debug\fv1_controller.a(S0.o)
 .data          0x00000000        0x0 .\CortexM0\ARM_GCC_493\Debug\fv1_controller.a(S0.o)
 .bss           0x00000000        0x0 .\CortexM0\ARM_GCC_493\Debug\fv1_controller.a(S0.o)
 .text.S0_SetDriveMode
                0x00000000       0x2c .\CortexM0\ARM_GCC_493\Debug\fv1_controller.a(S0.o)
 .text.S0_Read  0x00000000       0x1c .\CortexM0\ARM_GCC_493\Debug\fv1_controller.a(S0.o)
 .text.S0_ReadDataReg
                0x00000000       0x1c .\CortexM0\ARM_GCC_493\Debug\fv1_controller.a(S0.o)
 .text.S0_SetInterruptMode
                0x00000000       0x40 .\CortexM0\ARM_GCC_493\Debug\fv1_controller.a(S0.o)
 .text.S0_ClearInterrupt
                0x00000000       0x2c .\CortexM0\ARM_GCC_493\Debug\fv1_controller.a(S0.o)
 .text          0x00000000        0x0 .\CortexM0\ARM_GCC_493\Debug\fv1_controller.a(S1.o)
 .data          0x00000000        0x0 .\CortexM0\ARM_GCC_493\Debug\fv1_controller.a(S1.o)
 .bss           0x00000000        0x0 .\CortexM0\ARM_GCC_493\Debug\fv1_controller.a(S1.o)
 .text.S1_SetDriveMode
                0x00000000       0x2c .\CortexM0\ARM_GCC_493\Debug\fv1_controller.a(S1.o)
 .text.S1_Read  0x00000000       0x1c .\CortexM0\ARM_GCC_493\Debug\fv1_controller.a(S1.o)
 .text.S1_ReadDataReg
                0x00000000       0x1c .\CortexM0\ARM_GCC_493\Debug\fv1_controller.a(S1.o)
 .text.S1_SetInterruptMode
                0x00000000       0x40 .\CortexM0\ARM_GCC_493\Debug\fv1_controller.a(S1.o)
 .text.S1_ClearInterrupt
                0x00000000       0x30 .\CortexM0\ARM_GCC_493\Debug\fv1_controller.a(S1.o)
 .text          0x00000000        0x0 .\CortexM0\ARM_GCC_493\Debug\fv1_controller.a(S2.o)
 .data          0x00000000        0x0 .\CortexM0\ARM_GCC_493\Debug\fv1_controller.a(S2.o)
 .bss           0x00000000        0x0 .\CortexM0\ARM_GCC_493\Debug\fv1_controller.a(S2.o)
 .text.S2_SetDriveMode
                0x00000000       0x30 .\CortexM0\ARM_GCC_493\Debug\fv1_controller.a(S2.o)
 .text.S2_Read  0x00000000       0x1c .\CortexM0\ARM_GCC_493\Debug\fv1_controller.a(S2.o)
 .text.S2_ReadDataReg
                0x00000000       0x1c .\CortexM0\ARM_GCC_493\Debug\fv1_controller.a(S2.o)
 .text.S2_SetInterruptMode
                0x00000000       0x40 .\CortexM0\ARM_GCC_493\Debug\fv1_controller.a(S2.o)
 .text.S2_ClearInterrupt
                0x00000000       0x30 .\CortexM0\ARM_GCC_493\Debug\fv1_controller.a(S2.o)
 .text          0x00000000        0x0 .\CortexM0\ARM_GCC_493\Debug\fv1_controller.a(ADC.o)
 .data          0x00000000        0x0 .\CortexM0\ARM_GCC_493\Debug\fv1_controller.a(ADC.o)
 .rodata        0x00000000        0x4 .\CortexM0\ARM_GCC_493\Debug\fv1_controller.a(ADC.o)
 .text.ADC_Stop
                0x00000000       0x18 .\CortexM0\ARM_GCC_493\Debug\fv1_controller.a(ADC.o)
 .text.ADC_StopConvert
                0x00000000       0x1c .\CortexM0\ARM_GCC_493\Debug\fv1_controller.a(ADC.o)
 .text.ADC_IsEndConversion
                0x00000000       0x48 .\CortexM0\ARM_GCC_493\Debug\fv1_controller.a(ADC.o)
 .text.ADC_SetChanMask
                0x00000000       0x1c .\CortexM0\ARM_GCC_493\Debug\fv1_controller.a(ADC.o)
 .text.ADC_SetLowLimit
                0x00000000       0x30 .\CortexM0\ARM_GCC_493\Debug\fv1_controller.a(ADC.o)
 .text.ADC_SetHighLimit
                0x00000000       0x2c .\CortexM0\ARM_GCC_493\Debug\fv1_controller.a(ADC.o)
 .text.ADC_SetLimitMask
                0x00000000       0x1c .\CortexM0\ARM_GCC_493\Debug\fv1_controller.a(ADC.o)
 .text.ADC_SetSatMask
                0x00000000       0x1c .\CortexM0\ARM_GCC_493\Debug\fv1_controller.a(ADC.o)
 .text.ADC_SetOffset
                0x00000000       0x30 .\CortexM0\ARM_GCC_493\Debug\fv1_controller.a(ADC.o)
 .text.ADC_SetGain
                0x00000000       0x2c .\CortexM0\ARM_GCC_493\Debug\fv1_controller.a(ADC.o)
 .text.ADC_CountsTo_mVolts
                0x00000000       0xa4 .\CortexM0\ARM_GCC_493\Debug\fv1_controller.a(ADC.o)
 .text.ADC_CountsTo_uVolts
                0x00000000       0x90 .\CortexM0\ARM_GCC_493\Debug\fv1_controller.a(ADC.o)
 .text.ADC_CountsTo_Volts
                0x00000000       0x80 .\CortexM0\ARM_GCC_493\Debug\fv1_controller.a(ADC.o)
 .text          0x00000000        0x0 .\CortexM0\ARM_GCC_493\Debug\fv1_controller.a(ADC_INT.o)
 .data          0x00000000        0x0 .\CortexM0\ARM_GCC_493\Debug\fv1_controller.a(ADC_INT.o)
 .bss           0x00000000        0x0 .\CortexM0\ARM_GCC_493\Debug\fv1_controller.a(ADC_INT.o)
 .data          0x00000000        0x0 .\CortexM0\ARM_GCC_493\Debug\fv1_controller.a(CyBootAsmGnu.o)
 .bss           0x00000000        0x0 .\CortexM0\ARM_GCC_493\Debug\fv1_controller.a(CyBootAsmGnu.o)
 .text          0x00000000      0x120 c:/program files (x86)/cypress/psoc creator/4.0/psoc creator/import/gnu/arm/4.9.3/bin/../lib/gcc/arm-none-eabi/4.9.3/armv6-m\libgcc.a(_udivsi3.o)
 .data          0x00000000        0x0 c:/program files (x86)/cypress/psoc creator/4.0/psoc creator/import/gnu/arm/4.9.3/bin/../lib/gcc/arm-none-eabi/4.9.3/armv6-m\libgcc.a(_udivsi3.o)
 .bss           0x00000000        0x0 c:/program files (x86)/cypress/psoc creator/4.0/psoc creator/import/gnu/arm/4.9.3/bin/../lib/gcc/arm-none-eabi/4.9.3/armv6-m\libgcc.a(_udivsi3.o)
 .data          0x00000000        0x0 c:/program files (x86)/cypress/psoc creator/4.0/psoc creator/import/gnu/arm/4.9.3/bin/../lib/gcc/arm-none-eabi/4.9.3/armv6-m\libgcc.a(_divsi3.o)
 .bss           0x00000000        0x0 c:/program files (x86)/cypress/psoc creator/4.0/psoc creator/import/gnu/arm/4.9.3/bin/../lib/gcc/arm-none-eabi/4.9.3/armv6-m\libgcc.a(_divsi3.o)
 .data          0x00000000        0x0 c:/program files (x86)/cypress/psoc creator/4.0/psoc creator/import/gnu/arm/4.9.3/bin/../lib/gcc/arm-none-eabi/4.9.3/armv6-m\libgcc.a(_dvmd_tls.o)
 .bss           0x00000000        0x0 c:/program files (x86)/cypress/psoc creator/4.0/psoc creator/import/gnu/arm/4.9.3/bin/../lib/gcc/arm-none-eabi/4.9.3/armv6-m\libgcc.a(_dvmd_tls.o)
 .text          0x00000000       0x48 c:/program files (x86)/cypress/psoc creator/4.0/psoc creator/import/gnu/arm/4.9.3/bin/../lib/gcc/arm-none-eabi/4.9.3/armv6-m\libgcc.a(_aeabi_ldivmod.o)
 .data          0x00000000        0x0 c:/program files (x86)/cypress/psoc creator/4.0/psoc creator/import/gnu/arm/4.9.3/bin/../lib/gcc/arm-none-eabi/4.9.3/armv6-m\libgcc.a(_aeabi_ldivmod.o)
 .bss           0x00000000        0x0 c:/program files (x86)/cypress/psoc creator/4.0/psoc creator/import/gnu/arm/4.9.3/bin/../lib/gcc/arm-none-eabi/4.9.3/armv6-m\libgcc.a(_aeabi_ldivmod.o)
 .text          0x00000000       0x54 c:/program files (x86)/cypress/psoc creator/4.0/psoc creator/import/gnu/arm/4.9.3/bin/../lib/gcc/arm-none-eabi/4.9.3/armv6-m\libgcc.a(_muldi3.o)
 .data          0x00000000        0x0 c:/program files (x86)/cypress/psoc creator/4.0/psoc creator/import/gnu/arm/4.9.3/bin/../lib/gcc/arm-none-eabi/4.9.3/armv6-m\libgcc.a(_muldi3.o)
 .bss           0x00000000        0x0 c:/program files (x86)/cypress/psoc creator/4.0/psoc creator/import/gnu/arm/4.9.3/bin/../lib/gcc/arm-none-eabi/4.9.3/armv6-m\libgcc.a(_muldi3.o)
 .text          0x00000000       0x6c c:/program files (x86)/cypress/psoc creator/4.0/psoc creator/import/gnu/arm/4.9.3/bin/../lib/gcc/arm-none-eabi/4.9.3/armv6-m\libgcc.a(bpabi.o)
 .data          0x00000000        0x0 c:/program files (x86)/cypress/psoc creator/4.0/psoc creator/import/gnu/arm/4.9.3/bin/../lib/gcc/arm-none-eabi/4.9.3/armv6-m\libgcc.a(bpabi.o)
 .bss           0x00000000        0x0 c:/program files (x86)/cypress/psoc creator/4.0/psoc creator/import/gnu/arm/4.9.3/bin/../lib/gcc/arm-none-eabi/4.9.3/armv6-m\libgcc.a(bpabi.o)
 .text          0x00000000      0x270 c:/program files (x86)/cypress/psoc creator/4.0/psoc creator/import/gnu/arm/4.9.3/bin/../lib/gcc/arm-none-eabi/4.9.3/armv6-m\libgcc.a(divsf3.o)
 .data          0x00000000        0x0 c:/program files (x86)/cypress/psoc creator/4.0/psoc creator/import/gnu/arm/4.9.3/bin/../lib/gcc/arm-none-eabi/4.9.3/armv6-m\libgcc.a(divsf3.o)
 .bss           0x00000000        0x0 c:/program files (x86)/cypress/psoc creator/4.0/psoc creator/import/gnu/arm/4.9.3/bin/../lib/gcc/arm-none-eabi/4.9.3/armv6-m\libgcc.a(divsf3.o)
 .rodata        0x00000000       0x80 c:/program files (x86)/cypress/psoc creator/4.0/psoc creator/import/gnu/arm/4.9.3/bin/../lib/gcc/arm-none-eabi/4.9.3/armv6-m\libgcc.a(divsf3.o)
 .text          0x00000000      0x264 c:/program files (x86)/cypress/psoc creator/4.0/psoc creator/import/gnu/arm/4.9.3/bin/../lib/gcc/arm-none-eabi/4.9.3/armv6-m\libgcc.a(mulsf3.o)
 .data          0x00000000        0x0 c:/program files (x86)/cypress/psoc creator/4.0/psoc creator/import/gnu/arm/4.9.3/bin/../lib/gcc/arm-none-eabi/4.9.3/armv6-m\libgcc.a(mulsf3.o)
 .bss           0x00000000        0x0 c:/program files (x86)/cypress/psoc creator/4.0/psoc creator/import/gnu/arm/4.9.3/bin/../lib/gcc/arm-none-eabi/4.9.3/armv6-m\libgcc.a(mulsf3.o)
 .rodata        0x00000000       0x40 c:/program files (x86)/cypress/psoc creator/4.0/psoc creator/import/gnu/arm/4.9.3/bin/../lib/gcc/arm-none-eabi/4.9.3/armv6-m\libgcc.a(mulsf3.o)
 .text          0x00000000       0x90 c:/program files (x86)/cypress/psoc creator/4.0/psoc creator/import/gnu/arm/4.9.3/bin/../lib/gcc/arm-none-eabi/4.9.3/armv6-m\libgcc.a(floatsisf.o)
 .data          0x00000000        0x0 c:/program files (x86)/cypress/psoc creator/4.0/psoc creator/import/gnu/arm/4.9.3/bin/../lib/gcc/arm-none-eabi/4.9.3/armv6-m\libgcc.a(floatsisf.o)
 .bss           0x00000000        0x0 c:/program files (x86)/cypress/psoc creator/4.0/psoc creator/import/gnu/arm/4.9.3/bin/../lib/gcc/arm-none-eabi/4.9.3/armv6-m\libgcc.a(floatsisf.o)
 .text          0x00000000       0x3c c:/program files (x86)/cypress/psoc creator/4.0/psoc creator/import/gnu/arm/4.9.3/bin/../lib/gcc/arm-none-eabi/4.9.3/armv6-m\libgcc.a(_clzsi2.o)
 .data          0x00000000        0x0 c:/program files (x86)/cypress/psoc creator/4.0/psoc creator/import/gnu/arm/4.9.3/bin/../lib/gcc/arm-none-eabi/4.9.3/armv6-m\libgcc.a(_clzsi2.o)
 .bss           0x00000000        0x0 c:/program files (x86)/cypress/psoc creator/4.0/psoc creator/import/gnu/arm/4.9.3/bin/../lib/gcc/arm-none-eabi/4.9.3/armv6-m\libgcc.a(_clzsi2.o)
 .text          0x00000000      0x1f0 c:/program files (x86)/cypress/psoc creator/4.0/psoc creator/import/gnu/arm/4.9.3/bin/../lib/gcc/arm-none-eabi/4.9.3/armv6-m\libgcc.a(_divdi3.o)
 .data          0x00000000        0x0 c:/program files (x86)/cypress/psoc creator/4.0/psoc creator/import/gnu/arm/4.9.3/bin/../lib/gcc/arm-none-eabi/4.9.3/armv6-m\libgcc.a(_divdi3.o)
 .bss           0x00000000        0x0 c:/program files (x86)/cypress/psoc creator/4.0/psoc creator/import/gnu/arm/4.9.3/bin/../lib/gcc/arm-none-eabi/4.9.3/armv6-m\libgcc.a(_divdi3.o)
 .ARM.extab     0x00000000        0x0 c:/program files (x86)/cypress/psoc creator/4.0/psoc creator/import/gnu/arm/4.9.3/bin/../lib/gcc/arm-none-eabi/4.9.3/armv6-m\libgcc.a(_divdi3.o)
 .ARM.exidx     0x00000000        0x8 c:/program files (x86)/cypress/psoc creator/4.0/psoc creator/import/gnu/arm/4.9.3/bin/../lib/gcc/arm-none-eabi/4.9.3/armv6-m\libgcc.a(_divdi3.o)
 .text          0x00000000      0x158 c:/program files (x86)/cypress/psoc creator/4.0/psoc creator/import/gnu/arm/4.9.3/bin/../lib/gcc/arm-none-eabi/4.9.3/armv6-m\libgcc.a(_udivdi3.o)
 .data          0x00000000        0x0 c:/program files (x86)/cypress/psoc creator/4.0/psoc creator/import/gnu/arm/4.9.3/bin/../lib/gcc/arm-none-eabi/4.9.3/armv6-m\libgcc.a(_udivdi3.o)
 .bss           0x00000000        0x0 c:/program files (x86)/cypress/psoc creator/4.0/psoc creator/import/gnu/arm/4.9.3/bin/../lib/gcc/arm-none-eabi/4.9.3/armv6-m\libgcc.a(_udivdi3.o)
 .ARM.extab     0x00000000        0x0 c:/program files (x86)/cypress/psoc creator/4.0/psoc creator/import/gnu/arm/4.9.3/bin/../lib/gcc/arm-none-eabi/4.9.3/armv6-m\libgcc.a(_udivdi3.o)
 .ARM.exidx     0x00000000        0x8 c:/program files (x86)/cypress/psoc creator/4.0/psoc creator/import/gnu/arm/4.9.3/bin/../lib/gcc/arm-none-eabi/4.9.3/armv6-m\libgcc.a(_udivdi3.o)
 .text          0x00000000       0x18 c:/program files (x86)/cypress/psoc creator/4.0/psoc creator/import/gnu/arm/4.9.3/bin/../lib/gcc/arm-none-eabi/4.9.3/armv6-m\libgcc.a(_clzdi2.o)
 .data          0x00000000        0x0 c:/program files (x86)/cypress/psoc creator/4.0/psoc creator/import/gnu/arm/4.9.3/bin/../lib/gcc/arm-none-eabi/4.9.3/armv6-m\libgcc.a(_clzdi2.o)
 .bss           0x00000000        0x0 c:/program files (x86)/cypress/psoc creator/4.0/psoc creator/import/gnu/arm/4.9.3/bin/../lib/gcc/arm-none-eabi/4.9.3/armv6-m\libgcc.a(_clzdi2.o)
 .text          0x00000000        0x0 c:/program files (x86)/cypress/psoc creator/4.0/psoc creator/import/gnu/arm/4.9.3/bin/../lib/gcc/arm-none-eabi/4.9.3/../../../../arm-none-eabi/lib/armv6-m\libg_nano.a(lib_a-errno.o)
 .data          0x00000000        0x0 c:/program files (x86)/cypress/psoc creator/4.0/psoc creator/import/gnu/arm/4.9.3/bin/../lib/gcc/arm-none-eabi/4.9.3/../../../../arm-none-eabi/lib/armv6-m\libg_nano.a(lib_a-errno.o)
 .bss           0x00000000        0x0 c:/program files (x86)/cypress/psoc creator/4.0/psoc creator/import/gnu/arm/4.9.3/bin/../lib/gcc/arm-none-eabi/4.9.3/../../../../arm-none-eabi/lib/armv6-m\libg_nano.a(lib_a-errno.o)
 .text          0x00000000        0x0 c:/program files (x86)/cypress/psoc creator/4.0/psoc creator/import/gnu/arm/4.9.3/bin/../lib/gcc/arm-none-eabi/4.9.3/../../../../arm-none-eabi/lib/armv6-m\libg_nano.a(lib_a-exit.o)
 .data          0x00000000        0x0 c:/program files (x86)/cypress/psoc creator/4.0/psoc creator/import/gnu/arm/4.9.3/bin/../lib/gcc/arm-none-eabi/4.9.3/../../../../arm-none-eabi/lib/armv6-m\libg_nano.a(lib_a-exit.o)
 .bss           0x00000000        0x0 c:/program files (x86)/cypress/psoc creator/4.0/psoc creator/import/gnu/arm/4.9.3/bin/../lib/gcc/arm-none-eabi/4.9.3/../../../../arm-none-eabi/lib/armv6-m\libg_nano.a(lib_a-exit.o)
 .text.exit     0x00000000       0x2c c:/program files (x86)/cypress/psoc creator/4.0/psoc creator/import/gnu/arm/4.9.3/bin/../lib/gcc/arm-none-eabi/4.9.3/../../../../arm-none-eabi/lib/armv6-m\libg_nano.a(lib_a-exit.o)
 .text          0x00000000        0x0 c:/program files (x86)/cypress/psoc creator/4.0/psoc creator/import/gnu/arm/4.9.3/bin/../lib/gcc/arm-none-eabi/4.9.3/../../../../arm-none-eabi/lib/armv6-m\libg_nano.a(lib_a-impure.o)
 .data          0x00000000        0x0 c:/program files (x86)/cypress/psoc creator/4.0/psoc creator/import/gnu/arm/4.9.3/bin/../lib/gcc/arm-none-eabi/4.9.3/../../../../arm-none-eabi/lib/armv6-m\libg_nano.a(lib_a-impure.o)
 .bss           0x00000000        0x0 c:/program files (x86)/cypress/psoc creator/4.0/psoc creator/import/gnu/arm/4.9.3/bin/../lib/gcc/arm-none-eabi/4.9.3/../../../../arm-none-eabi/lib/armv6-m\libg_nano.a(lib_a-impure.o)
 .rodata._global_impure_ptr
                0x00000000        0x4 c:/program files (x86)/cypress/psoc creator/4.0/psoc creator/import/gnu/arm/4.9.3/bin/../lib/gcc/arm-none-eabi/4.9.3/../../../../arm-none-eabi/lib/armv6-m\libg_nano.a(lib_a-impure.o)
 .text          0x00000000        0x0 c:/program files (x86)/cypress/psoc creator/4.0/psoc creator/import/gnu/arm/4.9.3/bin/../lib/gcc/arm-none-eabi/4.9.3/../../../../arm-none-eabi/lib/armv6-m\libg_nano.a(lib_a-init.o)
 .data          0x00000000        0x0 c:/program files (x86)/cypress/psoc creator/4.0/psoc creator/import/gnu/arm/4.9.3/bin/../lib/gcc/arm-none-eabi/4.9.3/../../../../arm-none-eabi/lib/armv6-m\libg_nano.a(lib_a-init.o)
 .bss           0x00000000        0x0 c:/program files (x86)/cypress/psoc creator/4.0/psoc creator/import/gnu/arm/4.9.3/bin/../lib/gcc/arm-none-eabi/4.9.3/../../../../arm-none-eabi/lib/armv6-m\libg_nano.a(lib_a-init.o)
 .text          0x00000000        0x0 c:/program files (x86)/cypress/psoc creator/4.0/psoc creator/import/gnu/arm/4.9.3/bin/../lib/gcc/arm-none-eabi/4.9.3/../../../../arm-none-eabi/lib/armv6-m\libg_nano.a(lib_a-memcpy.o)
 .data          0x00000000        0x0 c:/program files (x86)/cypress/psoc creator/4.0/psoc creator/import/gnu/arm/4.9.3/bin/../lib/gcc/arm-none-eabi/4.9.3/../../../../arm-none-eabi/lib/armv6-m\libg_nano.a(lib_a-memcpy.o)
 .bss           0x00000000        0x0 c:/program files (x86)/cypress/psoc creator/4.0/psoc creator/import/gnu/arm/4.9.3/bin/../lib/gcc/arm-none-eabi/4.9.3/../../../../arm-none-eabi/lib/armv6-m\libg_nano.a(lib_a-memcpy.o)
 .text.memcpy   0x00000000       0x12 c:/program files (x86)/cypress/psoc creator/4.0/psoc creator/import/gnu/arm/4.9.3/bin/../lib/gcc/arm-none-eabi/4.9.3/../../../../arm-none-eabi/lib/armv6-m\libg_nano.a(lib_a-memcpy.o)
 .text          0x00000000        0x0 c:/program files (x86)/cypress/psoc creator/4.0/psoc creator/import/gnu/arm/4.9.3/bin/../lib/gcc/arm-none-eabi/4.9.3/../../../../arm-none-eabi/lib/armv6-m\libg_nano.a(lib_a-memset.o)
 .data          0x00000000        0x0 c:/program files (x86)/cypress/psoc creator/4.0/psoc creator/import/gnu/arm/4.9.3/bin/../lib/gcc/arm-none-eabi/4.9.3/../../../../arm-none-eabi/lib/armv6-m\libg_nano.a(lib_a-memset.o)
 .bss           0x00000000        0x0 c:/program files (x86)/cypress/psoc creator/4.0/psoc creator/import/gnu/arm/4.9.3/bin/../lib/gcc/arm-none-eabi/4.9.3/../../../../arm-none-eabi/lib/armv6-m\libg_nano.a(lib_a-memset.o)
 .text          0x00000000        0x0 c:/program files (x86)/cypress/psoc creator/4.0/psoc creator/import/gnu/arm/4.9.3/bin/../lib/gcc/arm-none-eabi/4.9.3/armv6-m/crtend.o
 .data          0x00000000        0x0 c:/program files (x86)/cypress/psoc creator/4.0/psoc creator/import/gnu/arm/4.9.3/bin/../lib/gcc/arm-none-eabi/4.9.3/armv6-m/crtend.o
 .bss           0x00000000        0x0 c:/program files (x86)/cypress/psoc creator/4.0/psoc creator/import/gnu/arm/4.9.3/bin/../lib/gcc/arm-none-eabi/4.9.3/armv6-m/crtend.o
 .text          0x00000000        0x0 c:/program files (x86)/cypress/psoc creator/4.0/psoc creator/import/gnu/arm/4.9.3/bin/../lib/gcc/arm-none-eabi/4.9.3/armv6-m/crtn.o
 .data          0x00000000        0x0 c:/program files (x86)/cypress/psoc creator/4.0/psoc creator/import/gnu/arm/4.9.3/bin/../lib/gcc/arm-none-eabi/4.9.3/armv6-m/crtn.o
 .bss           0x00000000        0x0 c:/program files (x86)/cypress/psoc creator/4.0/psoc creator/import/gnu/arm/4.9.3/bin/../lib/gcc/arm-none-eabi/4.9.3/armv6-m/crtn.o

Memory Configuration

Name             Origin             Length             Attributes
rom              0x00000000         0x00008000         xr
ram              0x20000000         0x00001000         xrw
*default*        0x00000000         0xffffffff

Linker script and memory map

LOAD c:/program files (x86)/cypress/psoc creator/4.0/psoc creator/import/gnu/arm/4.9.3/bin/../lib/gcc/arm-none-eabi/4.9.3/armv6-m/crti.o
LOAD c:/program files (x86)/cypress/psoc creator/4.0/psoc creator/import/gnu/arm/4.9.3/bin/../lib/gcc/arm-none-eabi/4.9.3/armv6-m/crtbegin.o
LOAD c:/program files (x86)/cypress/psoc creator/4.0/psoc creator/import/gnu/arm/4.9.3/bin/../lib/gcc/arm-none-eabi/4.9.3/../../../../arm-none-eabi/lib/armv6-m/crt0.o
START GROUP
LOAD .\CortexM0\ARM_GCC_493\Debug\main.o
LOAD .\CortexM0\ARM_GCC_493\Debug\cymetadata.o
LOAD .\CortexM0\ARM_GCC_493\Debug\Cm0Start.o
LOAD .\CortexM0\ARM_GCC_493\Debug\fv1_controller.a
LOAD C:\Program Files (x86)\Cypress\PSoC Creator\4.0\PSoC Creator\psoc\content\cycomponentlibrary\CyComponentLibrary.cylib\CortexM0\ARM_GCC_493\Debug\CyComponentLibrary.a
END GROUP
START GROUP
LOAD c:/program files (x86)/cypress/psoc creator/4.0/psoc creator/import/gnu/arm/4.9.3/bin/../lib/gcc/arm-none-eabi/4.9.3/armv6-m\libgcc.a
LOAD c:/program files (x86)/cypress/psoc creator/4.0/psoc creator/import/gnu/arm/4.9.3/bin/../lib/gcc/arm-none-eabi/4.9.3/../../../../arm-none-eabi/lib/armv6-m\libg_nano.a
LOAD c:/program files (x86)/cypress/psoc creator/4.0/psoc creator/import/gnu/arm/4.9.3/bin/../lib/gcc/arm-none-eabi/4.9.3/../../../../arm-none-eabi/lib/armv6-m\libc_nano.a
END GROUP
START GROUP
LOAD c:/program files (x86)/cypress/psoc creator/4.0/psoc creator/import/gnu/arm/4.9.3/bin/../lib/gcc/arm-none-eabi/4.9.3/armv6-m\libgcc.a
LOAD c:/program files (x86)/cypress/psoc creator/4.0/psoc creator/import/gnu/arm/4.9.3/bin/../lib/gcc/arm-none-eabi/4.9.3/../../../../arm-none-eabi/lib/armv6-m\libc_nano.a
END GROUP
LOAD c:/program files (x86)/cypress/psoc creator/4.0/psoc creator/import/gnu/arm/4.9.3/bin/../lib/gcc/arm-none-eabi/4.9.3/armv6-m/crtend.o
LOAD c:/program files (x86)/cypress/psoc creator/4.0/psoc creator/import/gnu/arm/4.9.3/bin/../lib/gcc/arm-none-eabi/4.9.3/armv6-m/crtn.o
START GROUP
LOAD c:/program files (x86)/cypress/psoc creator/4.0/psoc creator/import/gnu/arm/4.9.3/bin/../lib/gcc/arm-none-eabi/4.9.3/armv6-m\libgcc.a
LOAD c:/program files (x86)/cypress/psoc creator/4.0/psoc creator/import/gnu/arm/4.9.3/bin/../lib/gcc/arm-none-eabi/4.9.3/../../../../arm-none-eabi/lib/armv6-m\libc.a
LOAD c:/program files (x86)/cypress/psoc creator/4.0/psoc creator/import/gnu/arm/4.9.3/bin/../lib/gcc/arm-none-eabi/4.9.3/../../../../arm-none-eabi/lib/armv6-m\libnosys.a
END GROUP
                0x00000000                CY_APPL_ORIGIN = 0x0
                0x00000080                CY_FLASH_ROW_SIZE = 0x80
                0x00000001                CY_APPL_NUM = 0x1
                0x00000001                CY_APPL_MAX = 0x1
                0x00000040                CY_METADATA_SIZE = 0x40
                0x00000000                CY_APPL_LOADABLE = 0x0
                0x00000000                CY_CHECKSUM_EXCLUDE_SIZE = ALIGN (0x0, CY_FLASH_ROW_SIZE)
                0x00000000                CY_APP_FOR_STACK_AND_COPIER = 0x0
                0x20000170                PROVIDE (__cy_heap_start, _end)
                0x00000001                PROVIDE (__cy_region_num, ((__cy_regions_end - __cy_regions) / 0x10))
                0x20001000                PROVIDE (__cy_stack, (ORIGIN (ram) + 0x1000))
                0x20000c00                PROVIDE (__cy_heap_end, (__cy_stack - 0x400))

.cybootloader   0x00000000        0x0
 *(.cybootloader)
                0x00000000                appl1_start = CY_APPL_ORIGIN?CY_APPL_ORIGIN:ALIGN (CY_FLASH_ROW_SIZE)
                0x00003f80                appl2_start = (appl1_start + ALIGN ((((0x8000 - appl1_start) - (0x2 * CY_FLASH_ROW_SIZE)) / 0x2), CY_FLASH_ROW_SIZE))
                0x00000000                appl_start = (CY_APPL_NUM == 0x1)?appl1_start:appl2_start
                0x00000001                cy_project_type_bootloader = (appl_start == 0x0)?0x1:0x0
                0x00000000                cy_project_type_app_for_stack_and_copier = (CY_APP_FOR_STACK_AND_COPIER == 0x1)?0x1:0x0

.text           0x00000000     0x1204
 CREATE_OBJECT_SYMBOLS
                0x00000000                PROVIDE (__cy_interrupt_vector, RomVectors)
 *(.romvectors)
 .romvectors    0x00000000       0x10 .\CortexM0\ARM_GCC_493\Debug\Cm0Start.o
                0x00000000                RomVectors
                0x00000001                ASSERT ((. != __cy_interrupt_vector), No interrupt vector)
                0x00000001                ASSERT (CY_APPL_ORIGIN?(SIZEOF (.cybootloader) <= CY_APPL_ORIGIN):0x1, Wrong image location)
                0x00000010                PROVIDE (__cy_reset, Reset)
 *(.text.Reset)
 .text.Reset    0x00000010        0x8 .\CortexM0\ARM_GCC_493\Debug\Cm0Start.o
                0x00000010                Reset
                0x00000001                ASSERT ((. != __cy_reset), No reset code)
 *(.psocinit)
 .psocinit      0x00000018      0x1d0 .\CortexM0\ARM_GCC_493\Debug\fv1_controller.a(cyfitter_cfg.o)
                0x0000008c                cyfitter_cfg
                0x000001e8                . = MAX (., 0x100)
 *(.text .text.* .gnu.linkonce.t.*)
 .text          0x000001e8       0x60 c:/program files (x86)/cypress/psoc creator/4.0/psoc creator/import/gnu/arm/4.9.3/bin/../lib/gcc/arm-none-eabi/4.9.3/armv6-m/crtbegin.o
 .text.main     0x00000248      0x2e8 .\CortexM0\ARM_GCC_493\Debug\main.o
                0x00000248                main
 .text.IntDefaultHandler
                0x00000530       0x14 .\CortexM0\ARM_GCC_493\Debug\Cm0Start.o
                0x00000530                IntDefaultHandler
 .text.Start_c  0x00000544       0x98 .\CortexM0\ARM_GCC_493\Debug\Cm0Start.o
                0x00000544                Start_c
 .text.initialize_psoc
                0x000005dc       0x64 .\CortexM0\ARM_GCC_493\Debug\Cm0Start.o
                0x000005dc                initialize_psoc
 .text.CYMEMZERO
                0x00000640       0x20 .\CortexM0\ARM_GCC_493\Debug\fv1_controller.a(cyfitter_cfg.o)
 .text.cfg_write_bytes32
                0x00000660       0x80 .\CortexM0\ARM_GCC_493\Debug\fv1_controller.a(cyfitter_cfg.o)
 .text.AnalogSetDefault
                0x000006e0       0x1c .\CortexM0\ARM_GCC_493\Debug\fv1_controller.a(cyfitter_cfg.o)
 .text.SetAnalogRoutingPumps
                0x000006fc       0x40 .\CortexM0\ARM_GCC_493\Debug\fv1_controller.a(cyfitter_cfg.o)
                0x000006fc                SetAnalogRoutingPumps
 .text.LED_GREEN_Write
                0x0000073c       0x4c .\CortexM0\ARM_GCC_493\Debug\fv1_controller.a(LED_GREEN.o)
                0x0000073c                LED_GREEN_Write
 .text.CySysClkWriteImoFreq
                0x00000788      0x1ec .\CortexM0\ARM_GCC_493\Debug\fv1_controller.a(CyLib.o)
                0x00000788                CySysClkWriteImoFreq
 .text.CyIntSetVector
                0x00000974       0x4c .\CortexM0\ARM_GCC_493\Debug\fv1_controller.a(CyLib.o)
                0x00000974                CyIntSetVector
 .text.CyIntSetPriority
                0x000009c0       0xa8 .\CortexM0\ARM_GCC_493\Debug\fv1_controller.a(CyLib.o)
                0x000009c0                CyIntSetPriority
 .text.CyHalt   0x00000a68       0x14 .\CortexM0\ARM_GCC_493\Debug\fv1_controller.a(CyLib.o)
                0x00000a68                CyHalt
 .text.CyDelay  0x00000a7c       0x48 .\CortexM0\ARM_GCC_493\Debug\fv1_controller.a(CyLib.o)
                0x00000a7c                CyDelay
 .text.CyDelayUs
                0x00000ac4       0x28 .\CortexM0\ARM_GCC_493\Debug\fv1_controller.a(CyLib.o)
                0x00000ac4                CyDelayUs
 .text.D3_Write
                0x00000aec       0x4c .\CortexM0\ARM_GCC_493\Debug\fv1_controller.a(D3.o)
                0x00000aec                D3_Write
 .text.D3_Read  0x00000b38       0x1c .\CortexM0\ARM_GCC_493\Debug\fv1_controller.a(D3.o)
                0x00000b38                D3_Read
 .text.D4_Write
                0x00000b54       0x4c .\CortexM0\ARM_GCC_493\Debug\fv1_controller.a(D4.o)
                0x00000b54                D4_Write
 .text.D4_Read  0x00000ba0       0x1c .\CortexM0\ARM_GCC_493\Debug\fv1_controller.a(D4.o)
                0x00000ba0                D4_Read
 .text.D5_Write
                0x00000bbc       0x48 .\CortexM0\ARM_GCC_493\Debug\fv1_controller.a(D5.o)
                0x00000bbc                D5_Write
 .text.D5_Read  0x00000c04       0x1c .\CortexM0\ARM_GCC_493\Debug\fv1_controller.a(D5.o)
                0x00000c04                D5_Read
 .text.S0_Write
                0x00000c20       0x48 .\CortexM0\ARM_GCC_493\Debug\fv1_controller.a(S0.o)
                0x00000c20                S0_Write
 .text.S1_Write
                0x00000c68       0x4c .\CortexM0\ARM_GCC_493\Debug\fv1_controller.a(S1.o)
                0x00000c68                S1_Write
 .text.S2_Write
                0x00000cb4       0x4c .\CortexM0\ARM_GCC_493\Debug\fv1_controller.a(S2.o)
                0x00000cb4                S2_Write
 .text.ADC_Start
                0x00000d00       0x24 .\CortexM0\ARM_GCC_493\Debug\fv1_controller.a(ADC.o)
                0x00000d00                ADC_Start
 .text.ADC_Init
                0x00000d24      0x1c4 .\CortexM0\ARM_GCC_493\Debug\fv1_controller.a(ADC.o)
                0x00000d24                ADC_Init
 .text.ADC_Enable
                0x00000ee8       0x28 .\CortexM0\ARM_GCC_493\Debug\fv1_controller.a(ADC.o)
                0x00000ee8                ADC_Enable
 .text.ADC_StartConvert
                0x00000f10       0x1c .\CortexM0\ARM_GCC_493\Debug\fv1_controller.a(ADC.o)
                0x00000f10                ADC_StartConvert
 .text.ADC_GetResult16
                0x00000f2c       0x44 .\CortexM0\ARM_GCC_493\Debug\fv1_controller.a(ADC.o)
                0x00000f2c                ADC_GetResult16
 .text.ADC_ISR  0x00000f70       0x1c .\CortexM0\ARM_GCC_493\Debug\fv1_controller.a(ADC_INT.o)
                0x00000f70                ADC_ISR
 *fill*         0x00000f8c        0x4 
 .text          0x00000f90       0x28 .\CortexM0\ARM_GCC_493\Debug\fv1_controller.a(CyBootAsmGnu.o)
                0x00000f90                CyDelayCycles
                0x00000fa4                CyEnterCriticalSection
                0x00000fac                CyExitCriticalSection
 .text          0x00000fb8      0x1e0 c:/program files (x86)/cypress/psoc creator/4.0/psoc creator/import/gnu/arm/4.9.3/bin/../lib/gcc/arm-none-eabi/4.9.3/armv6-m\libgcc.a(_divsi3.o)
                0x00000fb8                __divsi3
                0x00000fb8                __aeabi_idiv
                0x00001184                __aeabi_idivmod
 .text          0x00001198        0x4 c:/program files (x86)/cypress/psoc creator/4.0/psoc creator/import/gnu/arm/4.9.3/bin/../lib/gcc/arm-none-eabi/4.9.3/armv6-m\libgcc.a(_dvmd_tls.o)
                0x00001198                __aeabi_idiv0
                0x00001198                __aeabi_ldiv0
 .text.__errno  0x0000119c        0xc c:/program files (x86)/cypress/psoc creator/4.0/psoc creator/import/gnu/arm/4.9.3/bin/../lib/gcc/arm-none-eabi/4.9.3/../../../../arm-none-eabi/lib/armv6-m\libg_nano.a(lib_a-errno.o)
                0x0000119c                __errno
 .text.__libc_init_array
                0x000011a8       0x4c c:/program files (x86)/cypress/psoc creator/4.0/psoc creator/import/gnu/arm/4.9.3/bin/../lib/gcc/arm-none-eabi/4.9.3/../../../../arm-none-eabi/lib/armv6-m\libg_nano.a(lib_a-init.o)
                0x000011a8                __libc_init_array
 .text.memset   0x000011f4       0x10 c:/program files (x86)/cypress/psoc creator/4.0/psoc creator/import/gnu/arm/4.9.3/bin/../lib/gcc/arm-none-eabi/4.9.3/../../../../arm-none-eabi/lib/armv6-m\libg_nano.a(lib_a-memset.o)
                0x000011f4                memset
 *(.plt)
 *(.gnu.warning)
 *(.glue_7t)
 .glue_7t       0x00000000        0x0 linker stubs
 *(.glue_7)
 .glue_7        0x00000000        0x0 linker stubs
 *(.vfp11_veneer)
 .vfp11_veneer  0x00000000        0x0 linker stubs
 *(.bootloader)
 *(.ARM.extab* .gnu.linkonce.armextab.*)
 *(.gcc_except_table)

.v4_bx          0x00001204        0x0
 .v4_bx         0x00000000        0x0 linker stubs

.iplt           0x00001204        0x0
 .iplt          0x00000000        0x0 c:/program files (x86)/cypress/psoc creator/4.0/psoc creator/import/gnu/arm/4.9.3/bin/../lib/gcc/arm-none-eabi/4.9.3/armv6-m/crtbegin.o

.eh_frame_hdr
 *(.eh_frame_hdr)

.eh_frame       0x00001204        0x4
 *(.eh_frame)
 .eh_frame      0x00001204        0x0 c:/program files (x86)/cypress/psoc creator/4.0/psoc creator/import/gnu/arm/4.9.3/bin/../lib/gcc/arm-none-eabi/4.9.3/armv6-m/crtbegin.o
 .eh_frame      0x00001204        0x4 c:/program files (x86)/cypress/psoc creator/4.0/psoc creator/import/gnu/arm/4.9.3/bin/../lib/gcc/arm-none-eabi/4.9.3/armv6-m/crtend.o
                0x00001208                PROVIDE (__exidx_start, .)

.ARM.exidx
 *(.ARM.exidx* .gnu.linkonce.armexidx.*)
                0x00001208                __exidx_end = .

.rodata         0x00001208       0xa0
 *(.rodata .rodata.* .gnu.linkonce.r.*)
 .rodata        0x00001208       0x34 .\CortexM0\ARM_GCC_493\Debug\fv1_controller.a(cyfitter_cfg.o)
 .rodata        0x0000123c       0x30 .\CortexM0\ARM_GCC_493\Debug\fv1_controller.a(CyLib.o)
                0x0000123c                cyImoFreqMhz2Reg
 .rodata.str1.1
                0x0000126c        0x2 c:/program files (x86)/cypress/psoc creator/4.0/psoc creator/import/gnu/arm/4.9.3/bin/../lib/gcc/arm-none-eabi/4.9.3/../../../../arm-none-eabi/lib/armv6-m\libg_nano.a(lib_a-impure.o)
                0x00001270                . = ALIGN (0x4)
 *fill*         0x0000126e        0x2 
 *(.init)
 .init          0x00001270        0x4 c:/program files (x86)/cypress/psoc creator/4.0/psoc creator/import/gnu/arm/4.9.3/bin/../lib/gcc/arm-none-eabi/4.9.3/armv6-m/crti.o
                0x00001270                _init
 .init          0x00001274        0x8 c:/program files (x86)/cypress/psoc creator/4.0/psoc creator/import/gnu/arm/4.9.3/bin/../lib/gcc/arm-none-eabi/4.9.3/armv6-m/crtn.o
                0x0000127c                . = ALIGN (0x4)
                0x0000127c                __preinit_array_start = .
 *(.preinit_array)
                0x0000127c                __preinit_array_end = .
                0x0000127c                . = ALIGN (0x4)
                0x0000127c                __init_array_start = .
 *(SORT(.init_array.*))
 *(.init_array)
 .init_array    0x0000127c        0x4 c:/program files (x86)/cypress/psoc creator/4.0/psoc creator/import/gnu/arm/4.9.3/bin/../lib/gcc/arm-none-eabi/4.9.3/armv6-m/crtbegin.o
 .init_array    0x00001280        0x4 .\CortexM0\ARM_GCC_493\Debug\Cm0Start.o
                0x00001284                __init_array_end = .
                0x00001284                . = ALIGN (0x4)
 *(.fini)
 .fini          0x00001284        0x4 c:/program files (x86)/cypress/psoc creator/4.0/psoc creator/import/gnu/arm/4.9.3/bin/../lib/gcc/arm-none-eabi/4.9.3/armv6-m/crti.o
                0x00001284                _fini
 .fini          0x00001288        0x8 c:/program files (x86)/cypress/psoc creator/4.0/psoc creator/import/gnu/arm/4.9.3/bin/../lib/gcc/arm-none-eabi/4.9.3/armv6-m/crtn.o
                0x00001290                . = ALIGN (0x4)
                0x00001290                __fini_array_start = .
 *(.fini_array)
 .fini_array    0x00001290        0x4 c:/program files (x86)/cypress/psoc creator/4.0/psoc creator/import/gnu/arm/4.9.3/bin/../lib/gcc/arm-none-eabi/4.9.3/armv6-m/crtbegin.o
 *(SORT(.fini_array.*))
                0x00001294                __fini_array_end = .
                0x00001294                . = ALIGN (0x4)
 *crtbegin.o(.ctors)
 *(EXCLUDE_FILE(*crtend.o) .ctors)
 *(SORT(.ctors.*))
 *crtend.o(.ctors)
                0x00001294                . = ALIGN (0x4)
 *crtbegin.o(.dtors)
 *(EXCLUDE_FILE(*crtend.o) .dtors)
 *(SORT(.dtors.*))
 *crtend.o(.dtors)
                0x00001294                . = ALIGN (0x4)
                0x00001294                __cy_regions = .
                0x00001294        0x4 LONG 0x12a8 __cy_region_init_ram
                0x00001298        0x4 LONG 0x200000c8 __cy_region_start_data
                0x0000129c        0x4 LONG 0x80 __cy_region_init_size_ram
                0x000012a0        0x4 LONG 0x28 __cy_region_zero_size_ram
                0x000012a4                __cy_regions_end = .
                0x000012a8                . = ALIGN (0x8)
 *fill*         0x000012a4        0x4 
                0x000012a8                _etext = .

.cy_checksum_exclude
                0x000012a8        0x0
 *(.cy_checksum_exclude)

.ramvectors     0x20000000       0xc0
                0x20000000                __cy_region_start_ram = .
 *(.ramvectors)
 .ramvectors    0x20000000       0xc0 .\CortexM0\ARM_GCC_493\Debug\Cm0Start.o
                0x20000000                CyRamVectors

.noinit         0x200000c0        0x4
 *(.noinit)
 .noinit        0x200000c0        0x4 .\CortexM0\ARM_GCC_493\Debug\Cm0Start.o

.data           0x200000c8       0x80 load address 0x000012a8
                0x200000c8                __cy_region_start_data = .
 *(.jcr)
 .jcr           0x200000c8        0x0 c:/program files (x86)/cypress/psoc creator/4.0/psoc creator/import/gnu/arm/4.9.3/bin/../lib/gcc/arm-none-eabi/4.9.3/armv6-m/crtbegin.o
 .jcr           0x200000c8        0x4 c:/program files (x86)/cypress/psoc creator/4.0/psoc creator/import/gnu/arm/4.9.3/bin/../lib/gcc/arm-none-eabi/4.9.3/armv6-m/crtend.o
 *(.got.plt)
 *(.got)
 *(.shdata)
 *(.data .data.* .gnu.linkonce.d.*)
 .data          0x200000cc       0x14 .\CortexM0\ARM_GCC_493\Debug\fv1_controller.a(CyLib.o)
                0x200000cc                cydelayFreqHz
                0x200000d0                cydelayFreqKhz
                0x200000d4                cydelayFreqMhz
                0x200000d8                cydelay32kMs
                0x200000dc                CySysClkPumpConfig
 .data.impure_data
                0x200000e0       0x60 c:/program files (x86)/cypress/psoc creator/4.0/psoc creator/import/gnu/arm/4.9.3/bin/../lib/gcc/arm-none-eabi/4.9.3/../../../../arm-none-eabi/lib/armv6-m\libg_nano.a(lib_a-impure.o)
 .data._impure_ptr
                0x20000140        0x4 c:/program files (x86)/cypress/psoc creator/4.0/psoc creator/import/gnu/arm/4.9.3/bin/../lib/gcc/arm-none-eabi/4.9.3/../../../../arm-none-eabi/lib/armv6-m\libg_nano.a(lib_a-impure.o)
                0x20000140                _impure_ptr
                0x20000148                . = ALIGN (0x8)
 *fill*         0x20000144        0x4 
 *(.ram)
                0x20000148                _edata = .

.igot.plt       0x20000148        0x0 load address 0x00001328
 .igot.plt      0x00000000        0x0 c:/program files (x86)/cypress/psoc creator/4.0/psoc creator/import/gnu/arm/4.9.3/bin/../lib/gcc/arm-none-eabi/4.9.3/armv6-m/crtbegin.o

.bss            0x20000148       0x28 load address 0x00001328
                0x20000148                PROVIDE (__bss_start__, .)
 *(.shbss)
 *(.bss .bss.* .gnu.linkonce.b.*)
 .bss           0x20000148       0x1c c:/program files (x86)/cypress/psoc creator/4.0/psoc creator/import/gnu/arm/4.9.3/bin/../lib/gcc/arm-none-eabi/4.9.3/armv6-m/crtbegin.o
 .bss           0x20000164        0x1 .\CortexM0\ARM_GCC_493\Debug\fv1_controller.a(ADC.o)
                0x20000164                ADC_initVar
 *(COMMON)
 *fill*         0x20000165        0x3 
 COMMON         0x20000168        0x6 .\CortexM0\ARM_GCC_493\Debug\fv1_controller.a(ADC.o)
                0x20000168                ADC_countsPer10Volt
                0x2000016c                ADC_offset
                0x20000170                . = ALIGN (0x8)
 *fill*         0x2000016e        0x2 
 *(.ram.b)
                0x20000170                _end = .
                0x20000170                __end = .
                0x20000170                PROVIDE (end, .)
                0x20000170                PROVIDE (__bss_end__, .)
                0x000012a8                __cy_region_init_ram = LOADADDR (.data)
                0x00000080                __cy_region_init_size_ram = (_edata - ADDR (.data))
                0x00000028                __cy_region_zero_size_ram = (_end - _edata)

.heap           0x20000170      0x100 load address 0x00001328
                0x20000170                . = _end
                0x20000270                . = (. + 0x100)
 *fill*         0x20000170      0x100 
                0x20000270                __cy_heap_limit = .

.stack          0x20000c00      0x400
                0x20000c00                __cy_stack_limit = .
                0x20001000                . = (. + 0x400)
 *fill*         0x20000c00      0x400 
                0x00000001                ASSERT ((__cy_stack_limit >= __cy_heap_limit), region RAM overflowed with stack)
                0x00000000                cy_checksum_exclude_size = (CY_APPL_LOADABLE == 0x1)?SIZEOF (.cy_checksum_exclude):0x0
                0x00000001                ASSERT ((cy_checksum_exclude_size <= CY_CHECKSUM_EXCLUDE_SIZE), CY_BOOT: Section .cy_checksum_exclude size exceedes specified limit.)
                0x00007fc0                cyloadermeta_start = (cy_project_type_bootloader || cy_project_type_app_for_stack_and_copier)?(0x8000 - CY_METADATA_SIZE):0xf0000000

.cyloadermeta
 *(.cyloadermeta)
                0x00007fc0                cyloadablemeta_start = cy_project_type_app_for_stack_and_copier?((0x8000 - CY_FLASH_ROW_SIZE) - CY_METADATA_SIZE):((0x8000 - (CY_FLASH_ROW_SIZE * (CY_APPL_NUM - 0x1))) - CY_METADATA_SIZE)

.cyloadablemeta
 *(.cyloadablemeta)

.cyflashprotect
                0x90400000       0x20
 *(.cyflashprotect)
 .cyflashprotect
                0x90400000       0x20 .\CortexM0\ARM_GCC_493\Debug\cymetadata.o
                0x90400000                cy_meta_flashprotect

.cymeta         0x90500000        0xc
 *(.cymeta)
 .cymeta        0x90500000        0xc .\CortexM0\ARM_GCC_493\Debug\cymetadata.o
                0x90500000                cy_metadata

.cychipprotect  0x90600000        0x4
 *(.cychipprotect)
 .cychipprotect
                0x90600000        0x4 .\CortexM0\ARM_GCC_493\Debug\cymetadata.o
                0x90600000                cy_meta_chipprotect

.rel.dyn        0x00001328        0x0 load address 0x90600004
 .rel.iplt      0x00000000        0x0 c:/program files (x86)/cypress/psoc creator/4.0/psoc creator/import/gnu/arm/4.9.3/bin/../lib/gcc/arm-none-eabi/4.9.3/armv6-m/crtbegin.o

.stab
 *(.stab)

.stabstr
 *(.stabstr)

.debug
 *(.debug)

.line
 *(.line)

.debug_srcinfo
 *(.debug_srcinfo)

.debug_sfnames
 *(.debug_sfnames)

.debug_aranges  0x00000000      0x540
 *(.debug_aranges)
 .debug_aranges
                0x00000000       0x28 .\CortexM0\ARM_GCC_493\Debug\main.o
 .debug_aranges
                0x00000028       0x18 .\CortexM0\ARM_GCC_493\Debug\cymetadata.o
 .debug_aranges
                0x00000040       0x48 .\CortexM0\ARM_GCC_493\Debug\Cm0Start.o
 .debug_aranges
                0x00000088       0x58 .\CortexM0\ARM_GCC_493\Debug\fv1_controller.a(cyfitter_cfg.o)
 .debug_aranges
                0x000000e0       0x48 .\CortexM0\ARM_GCC_493\Debug\fv1_controller.a(LED_GREEN.o)
 .debug_aranges
                0x00000128      0x180 .\CortexM0\ARM_GCC_493\Debug\fv1_controller.a(CyLib.o)
 .debug_aranges
                0x000002a8       0x48 .\CortexM0\ARM_GCC_493\Debug\fv1_controller.a(D3.o)
 .debug_aranges
                0x000002f0       0x48 .\CortexM0\ARM_GCC_493\Debug\fv1_controller.a(D4.o)
 .debug_aranges
                0x00000338       0x48 .\CortexM0\ARM_GCC_493\Debug\fv1_controller.a(D5.o)
 .debug_aranges
                0x00000380       0x48 .\CortexM0\ARM_GCC_493\Debug\fv1_controller.a(S0.o)
 .debug_aranges
                0x000003c8       0x48 .\CortexM0\ARM_GCC_493\Debug\fv1_controller.a(S1.o)
 .debug_aranges
                0x00000410       0x48 .\CortexM0\ARM_GCC_493\Debug\fv1_controller.a(S2.o)
 .debug_aranges
                0x00000458       0xa8 .\CortexM0\ARM_GCC_493\Debug\fv1_controller.a(ADC.o)
 .debug_aranges
                0x00000500       0x20 .\CortexM0\ARM_GCC_493\Debug\fv1_controller.a(ADC_INT.o)
 .debug_aranges
                0x00000520       0x20 .\CortexM0\ARM_GCC_493\Debug\fv1_controller.a(CyBootAsmGnu.o)

.debug_pubnames
 *(.debug_pubnames)

.debug_info     0x00000000     0x2255
 *(.debug_info .gnu.linkonce.wi.*)
 .debug_info    0x00000000       0xde .\CortexM0\ARM_GCC_493\Debug\main.o
 .debug_info    0x000000de       0xfe .\CortexM0\ARM_GCC_493\Debug\cymetadata.o
 .debug_info    0x000001dc      0x300 .\CortexM0\ARM_GCC_493\Debug\Cm0Start.o
 .debug_info    0x000004dc      0x38b .\CortexM0\ARM_GCC_493\Debug\fv1_controller.a(cyfitter_cfg.o)
 .debug_info    0x00000867      0x19a .\CortexM0\ARM_GCC_493\Debug\fv1_controller.a(LED_GREEN.o)
 .debug_info    0x00000a01      0x8e3 .\CortexM0\ARM_GCC_493\Debug\fv1_controller.a(CyLib.o)
 .debug_info    0x000012e4      0x19a .\CortexM0\ARM_GCC_493\Debug\fv1_controller.a(D3.o)
 .debug_info    0x0000147e      0x19a .\CortexM0\ARM_GCC_493\Debug\fv1_controller.a(D4.o)
 .debug_info    0x00001618      0x19a .\CortexM0\ARM_GCC_493\Debug\fv1_controller.a(D5.o)
 .debug_info    0x000017b2      0x19a .\CortexM0\ARM_GCC_493\Debug\fv1_controller.a(S0.o)
 .debug_info    0x0000194c      0x19a .\CortexM0\ARM_GCC_493\Debug\fv1_controller.a(S1.o)
 .debug_info    0x00001ae6      0x19a .\CortexM0\ARM_GCC_493\Debug\fv1_controller.a(S2.o)
 .debug_info    0x00001c80      0x47b .\CortexM0\ARM_GCC_493\Debug\fv1_controller.a(ADC.o)
 .debug_info    0x000020fb       0xc5 .\CortexM0\ARM_GCC_493\Debug\fv1_controller.a(ADC_INT.o)
 .debug_info    0x000021c0       0x95 .\CortexM0\ARM_GCC_493\Debug\fv1_controller.a(CyBootAsmGnu.o)

.debug_abbrev   0x00000000      0xc51
 *(.debug_abbrev)
 .debug_abbrev  0x00000000       0x89 .\CortexM0\ARM_GCC_493\Debug\main.o
 .debug_abbrev  0x00000089       0x5d .\CortexM0\ARM_GCC_493\Debug\cymetadata.o
 .debug_abbrev  0x000000e6      0x1a5 .\CortexM0\ARM_GCC_493\Debug\Cm0Start.o
 .debug_abbrev  0x0000028b      0x19d .\CortexM0\ARM_GCC_493\Debug\fv1_controller.a(cyfitter_cfg.o)
 .debug_abbrev  0x00000428       0xaa .\CortexM0\ARM_GCC_493\Debug\fv1_controller.a(LED_GREEN.o)
 .debug_abbrev  0x000004d2      0x1a7 .\CortexM0\ARM_GCC_493\Debug\fv1_controller.a(CyLib.o)
 .debug_abbrev  0x00000679       0xaa .\CortexM0\ARM_GCC_493\Debug\fv1_controller.a(D3.o)
 .debug_abbrev  0x00000723       0xaa .\CortexM0\ARM_GCC_493\Debug\fv1_controller.a(D4.o)
 .debug_abbrev  0x000007cd       0xaa .\CortexM0\ARM_GCC_493\Debug\fv1_controller.a(D5.o)
 .debug_abbrev  0x00000877       0xaa .\CortexM0\ARM_GCC_493\Debug\fv1_controller.a(S0.o)
 .debug_abbrev  0x00000921       0xaa .\CortexM0\ARM_GCC_493\Debug\fv1_controller.a(S1.o)
 .debug_abbrev  0x000009cb       0xaa .\CortexM0\ARM_GCC_493\Debug\fv1_controller.a(S2.o)
 .debug_abbrev  0x00000a75      0x163 .\CortexM0\ARM_GCC_493\Debug\fv1_controller.a(ADC.o)
 .debug_abbrev  0x00000bd8       0x65 .\CortexM0\ARM_GCC_493\Debug\fv1_controller.a(ADC_INT.o)
 .debug_abbrev  0x00000c3d       0x14 .\CortexM0\ARM_GCC_493\Debug\fv1_controller.a(CyBootAsmGnu.o)

.debug_line     0x00000000     0x1191
 *(.debug_line)
 .debug_line    0x00000000       0xd3 .\CortexM0\ARM_GCC_493\Debug\main.o
 .debug_line    0x000000d3       0x51 .\CortexM0\ARM_GCC_493\Debug\cymetadata.o
 .debug_line    0x00000124      0x1cf .\CortexM0\ARM_GCC_493\Debug\Cm0Start.o
 .debug_line    0x000002f3      0x1aa .\CortexM0\ARM_GCC_493\Debug\fv1_controller.a(cyfitter_cfg.o)
 .debug_line    0x0000049d       0xc1 .\CortexM0\ARM_GCC_493\Debug\fv1_controller.a(LED_GREEN.o)
 .debug_line    0x0000055e      0x476 .\CortexM0\ARM_GCC_493\Debug\fv1_controller.a(CyLib.o)
 .debug_line    0x000009d4       0xba .\CortexM0\ARM_GCC_493\Debug\fv1_controller.a(D3.o)
 .debug_line    0x00000a8e       0xba .\CortexM0\ARM_GCC_493\Debug\fv1_controller.a(D4.o)
 .debug_line    0x00000b48       0xba .\CortexM0\ARM_GCC_493\Debug\fv1_controller.a(D5.o)
 .debug_line    0x00000c02       0xba .\CortexM0\ARM_GCC_493\Debug\fv1_controller.a(S0.o)
 .debug_line    0x00000cbc       0xba .\CortexM0\ARM_GCC_493\Debug\fv1_controller.a(S1.o)
 .debug_line    0x00000d76       0xba .\CortexM0\ARM_GCC_493\Debug\fv1_controller.a(S2.o)
 .debug_line    0x00000e30      0x296 .\CortexM0\ARM_GCC_493\Debug\fv1_controller.a(ADC.o)
 .debug_line    0x000010c6       0x62 .\CortexM0\ARM_GCC_493\Debug\fv1_controller.a(ADC_INT.o)
 .debug_line    0x00001128       0x69 .\CortexM0\ARM_GCC_493\Debug\fv1_controller.a(CyBootAsmGnu.o)

.debug_frame    0x00000000     0x1230
 *(.debug_frame)
 .debug_frame   0x00000000       0x4c .\CortexM0\ARM_GCC_493\Debug\main.o
 .debug_frame   0x0000004c       0xc8 .\CortexM0\ARM_GCC_493\Debug\Cm0Start.o
 .debug_frame   0x00000114      0x108 .\CortexM0\ARM_GCC_493\Debug\fv1_controller.a(cyfitter_cfg.o)
 .debug_frame   0x0000021c       0xc8 .\CortexM0\ARM_GCC_493\Debug\fv1_controller.a(LED_GREEN.o)
 .debug_frame   0x000002e4      0x588 .\CortexM0\ARM_GCC_493\Debug\fv1_controller.a(CyLib.o)
 .debug_frame   0x0000086c       0xc8 .\CortexM0\ARM_GCC_493\Debug\fv1_controller.a(D3.o)
 .debug_frame   0x00000934       0xc8 .\CortexM0\ARM_GCC_493\Debug\fv1_controller.a(D4.o)
 .debug_frame   0x000009fc       0xc8 .\CortexM0\ARM_GCC_493\Debug\fv1_controller.a(D5.o)
 .debug_frame   0x00000ac4       0xc8 .\CortexM0\ARM_GCC_493\Debug\fv1_controller.a(S0.o)
 .debug_frame   0x00000b8c       0xc8 .\CortexM0\ARM_GCC_493\Debug\fv1_controller.a(S1.o)
 .debug_frame   0x00000c54       0xc8 .\CortexM0\ARM_GCC_493\Debug\fv1_controller.a(S2.o)
 .debug_frame   0x00000d1c      0x248 .\CortexM0\ARM_GCC_493\Debug\fv1_controller.a(ADC.o)
 .debug_frame   0x00000f64       0x30 .\CortexM0\ARM_GCC_493\Debug\fv1_controller.a(ADC_INT.o)
 .debug_frame   0x00000f94       0x20 c:/program files (x86)/cypress/psoc creator/4.0/psoc creator/import/gnu/arm/4.9.3/bin/../lib/gcc/arm-none-eabi/4.9.3/armv6-m\libgcc.a(_udivsi3.o)
 .debug_frame   0x00000fb4       0x20 c:/program files (x86)/cypress/psoc creator/4.0/psoc creator/import/gnu/arm/4.9.3/bin/../lib/gcc/arm-none-eabi/4.9.3/armv6-m\libgcc.a(_divsi3.o)
 .debug_frame   0x00000fd4       0x34 c:/program files (x86)/cypress/psoc creator/4.0/psoc creator/import/gnu/arm/4.9.3/bin/../lib/gcc/arm-none-eabi/4.9.3/armv6-m\libgcc.a(_muldi3.o)
 .debug_frame   0x00001008       0x50 c:/program files (x86)/cypress/psoc creator/4.0/psoc creator/import/gnu/arm/4.9.3/bin/../lib/gcc/arm-none-eabi/4.9.3/armv6-m\libgcc.a(bpabi.o)
 .debug_frame   0x00001058       0x3c c:/program files (x86)/cypress/psoc creator/4.0/psoc creator/import/gnu/arm/4.9.3/bin/../lib/gcc/arm-none-eabi/4.9.3/armv6-m\libgcc.a(divsf3.o)
 .debug_frame   0x00001094       0x3c c:/program files (x86)/cypress/psoc creator/4.0/psoc creator/import/gnu/arm/4.9.3/bin/../lib/gcc/arm-none-eabi/4.9.3/armv6-m\libgcc.a(mulsf3.o)
 .debug_frame   0x000010d0       0x2c c:/program files (x86)/cypress/psoc creator/4.0/psoc creator/import/gnu/arm/4.9.3/bin/../lib/gcc/arm-none-eabi/4.9.3/armv6-m\libgcc.a(floatsisf.o)
 .debug_frame   0x000010fc       0x3c c:/program files (x86)/cypress/psoc creator/4.0/psoc creator/import/gnu/arm/4.9.3/bin/../lib/gcc/arm-none-eabi/4.9.3/armv6-m\libgcc.a(_divdi3.o)
 .debug_frame   0x00001138       0x3c c:/program files (x86)/cypress/psoc creator/4.0/psoc creator/import/gnu/arm/4.9.3/bin/../lib/gcc/arm-none-eabi/4.9.3/armv6-m\libgcc.a(_udivdi3.o)
 .debug_frame   0x00001174       0x20 c:/program files (x86)/cypress/psoc creator/4.0/psoc creator/import/gnu/arm/4.9.3/bin/../lib/gcc/arm-none-eabi/4.9.3/../../../../arm-none-eabi/lib/armv6-m\libg_nano.a(lib_a-errno.o)
 .debug_frame   0x00001194       0x28 c:/program files (x86)/cypress/psoc creator/4.0/psoc creator/import/gnu/arm/4.9.3/bin/../lib/gcc/arm-none-eabi/4.9.3/../../../../arm-none-eabi/lib/armv6-m\libg_nano.a(lib_a-exit.o)
 .debug_frame   0x000011bc       0x2c c:/program files (x86)/cypress/psoc creator/4.0/psoc creator/import/gnu/arm/4.9.3/bin/../lib/gcc/arm-none-eabi/4.9.3/../../../../arm-none-eabi/lib/armv6-m\libg_nano.a(lib_a-init.o)
 .debug_frame   0x000011e8       0x28 c:/program files (x86)/cypress/psoc creator/4.0/psoc creator/import/gnu/arm/4.9.3/bin/../lib/gcc/arm-none-eabi/4.9.3/../../../../arm-none-eabi/lib/armv6-m\libg_nano.a(lib_a-memcpy.o)
 .debug_frame   0x00001210       0x20 c:/program files (x86)/cypress/psoc creator/4.0/psoc creator/import/gnu/arm/4.9.3/bin/../lib/gcc/arm-none-eabi/4.9.3/../../../../arm-none-eabi/lib/armv6-m\libg_nano.a(lib_a-memset.o)

.debug_str      0x00000000      0xe6c
 *(.debug_str)
 .debug_str     0x00000000      0x16d .\CortexM0\ARM_GCC_493\Debug\main.o
                                0x1a6 (size before relaxing)
 .debug_str     0x0000016d       0x5f .\CortexM0\ARM_GCC_493\Debug\cymetadata.o
                                0x1d3 (size before relaxing)
 .debug_str     0x000001cc      0x133 .\CortexM0\ARM_GCC_493\Debug\Cm0Start.o
                                0x2c7 (size before relaxing)
 .debug_str     0x000002ff      0x11b .\CortexM0\ARM_GCC_493\Debug\fv1_controller.a(cyfitter_cfg.o)
                                0x2e0 (size before relaxing)
 .debug_str     0x0000041a       0xcc .\CortexM0\ARM_GCC_493\Debug\fv1_controller.a(LED_GREEN.o)
                                0x257 (size before relaxing)
 .debug_str     0x000004e6      0x4d4 .\CortexM0\ARM_GCC_493\Debug\fv1_controller.a(CyLib.o)
                                0x682 (size before relaxing)
 .debug_str     0x000009ba       0x72 .\CortexM0\ARM_GCC_493\Debug\fv1_controller.a(D3.o)
                                0x226 (size before relaxing)
 .debug_str     0x00000a2c       0x72 .\CortexM0\ARM_GCC_493\Debug\fv1_controller.a(D4.o)
                                0x226 (size before relaxing)
 .debug_str     0x00000a9e       0x72 .\CortexM0\ARM_GCC_493\Debug\fv1_controller.a(D5.o)
                                0x226 (size before relaxing)
 .debug_str     0x00000b10       0x72 .\CortexM0\ARM_GCC_493\Debug\fv1_controller.a(S0.o)
                                0x226 (size before relaxing)
 .debug_str     0x00000b82       0x72 .\CortexM0\ARM_GCC_493\Debug\fv1_controller.a(S1.o)
                                0x226 (size before relaxing)
 .debug_str     0x00000bf4       0x72 .\CortexM0\ARM_GCC_493\Debug\fv1_controller.a(S2.o)
                                0x226 (size before relaxing)
 .debug_str     0x00000c66      0x1d1 .\CortexM0\ARM_GCC_493\Debug\fv1_controller.a(ADC.o)
                                0x38c (size before relaxing)
 .debug_str     0x00000e37       0x35 .\CortexM0\ARM_GCC_493\Debug\fv1_controller.a(ADC_INT.o)
                                0x1b6 (size before relaxing)

.debug_loc
 *(.debug_loc)

.debug_macinfo
 *(.debug_macinfo)

.debug_ranges   0x00000000      0x438
 *(.debug_ranges)
 .debug_ranges  0x00000000       0x18 .\CortexM0\ARM_GCC_493\Debug\main.o
 .debug_ranges  0x00000018       0x38 .\CortexM0\ARM_GCC_493\Debug\Cm0Start.o
 .debug_ranges  0x00000050       0x48 .\CortexM0\ARM_GCC_493\Debug\fv1_controller.a(cyfitter_cfg.o)
 .debug_ranges  0x00000098       0x38 .\CortexM0\ARM_GCC_493\Debug\fv1_controller.a(LED_GREEN.o)
 .debug_ranges  0x000000d0      0x170 .\CortexM0\ARM_GCC_493\Debug\fv1_controller.a(CyLib.o)
 .debug_ranges  0x00000240       0x38 .\CortexM0\ARM_GCC_493\Debug\fv1_controller.a(D3.o)
 .debug_ranges  0x00000278       0x38 .\CortexM0\ARM_GCC_493\Debug\fv1_controller.a(D4.o)
 .debug_ranges  0x000002b0       0x38 .\CortexM0\ARM_GCC_493\Debug\fv1_controller.a(D5.o)
 .debug_ranges  0x000002e8       0x38 .\CortexM0\ARM_GCC_493\Debug\fv1_controller.a(S0.o)
 .debug_ranges  0x00000320       0x38 .\CortexM0\ARM_GCC_493\Debug\fv1_controller.a(S1.o)
 .debug_ranges  0x00000358       0x38 .\CortexM0\ARM_GCC_493\Debug\fv1_controller.a(S2.o)
 .debug_ranges  0x00000390       0x98 .\CortexM0\ARM_GCC_493\Debug\fv1_controller.a(ADC.o)
 .debug_ranges  0x00000428       0x10 .\CortexM0\ARM_GCC_493\Debug\fv1_controller.a(ADC_INT.o)

.comment        0x00000000       0x70
 .comment       0x00000000       0x70 .\CortexM0\ARM_GCC_493\Debug\main.o
                                 0x71 (size before relaxing)
 .comment       0x00000000       0x71 .\CortexM0\ARM_GCC_493\Debug\cymetadata.o
 .comment       0x00000000       0x71 .\CortexM0\ARM_GCC_493\Debug\Cm0Start.o
 .comment       0x00000000       0x71 .\CortexM0\ARM_GCC_493\Debug\fv1_controller.a(cyfitter_cfg.o)
 .comment       0x00000000       0x71 .\CortexM0\ARM_GCC_493\Debug\fv1_controller.a(LED_GREEN.o)
 .comment       0x00000000       0x71 .\CortexM0\ARM_GCC_493\Debug\fv1_controller.a(CyLib.o)
 .comment       0x00000000       0x71 .\CortexM0\ARM_GCC_493\Debug\fv1_controller.a(D3.o)
 .comment       0x00000000       0x71 .\CortexM0\ARM_GCC_493\Debug\fv1_controller.a(D4.o)
 .comment       0x00000000       0x71 .\CortexM0\ARM_GCC_493\Debug\fv1_controller.a(D5.o)
 .comment       0x00000000       0x71 .\CortexM0\ARM_GCC_493\Debug\fv1_controller.a(S0.o)
 .comment       0x00000000       0x71 .\CortexM0\ARM_GCC_493\Debug\fv1_controller.a(S1.o)
 .comment       0x00000000       0x71 .\CortexM0\ARM_GCC_493\Debug\fv1_controller.a(S2.o)
 .comment       0x00000000       0x71 .\CortexM0\ARM_GCC_493\Debug\fv1_controller.a(ADC.o)
 .comment       0x00000000       0x71 .\CortexM0\ARM_GCC_493\Debug\fv1_controller.a(ADC_INT.o)

.debug_weaknames
 *(.debug_weaknames)

.debug_funcnames
 *(.debug_funcnames)

.debug_typenames
 *(.debug_typenames)

.debug_varnames
 *(.debug_varnames)

.note.gnu.arm.ident
 *(.note.gnu.arm.ident)

.ARM.attributes
                0x00000000       0x28
 *(.ARM.attributes)
 .ARM.attributes
                0x00000000       0x1e c:/program files (x86)/cypress/psoc creator/4.0/psoc creator/import/gnu/arm/4.9.3/bin/../lib/gcc/arm-none-eabi/4.9.3/armv6-m/crti.o
 .ARM.attributes
                0x0000001e       0x2c c:/program files (x86)/cypress/psoc creator/4.0/psoc creator/import/gnu/arm/4.9.3/bin/../lib/gcc/arm-none-eabi/4.9.3/armv6-m/crtbegin.o
 .ARM.attributes
                0x0000004a       0x1b c:/program files (x86)/cypress/psoc creator/4.0/psoc creator/import/gnu/arm/4.9.3/bin/../lib/gcc/arm-none-eabi/4.9.3/../../../../arm-none-eabi/lib/armv6-m/crt0.o
 .ARM.attributes
                0x00000065       0x31 .\CortexM0\ARM_GCC_493\Debug\main.o
 .ARM.attributes
                0x00000096       0x31 .\CortexM0\ARM_GCC_493\Debug\cymetadata.o
 .ARM.attributes
                0x000000c7       0x31 .\CortexM0\ARM_GCC_493\Debug\Cm0Start.o
 .ARM.attributes
                0x000000f8       0x31 .\CortexM0\ARM_GCC_493\Debug\fv1_controller.a(cyfitter_cfg.o)
 .ARM.attributes
                0x00000129       0x31 .\CortexM0\ARM_GCC_493\Debug\fv1_controller.a(LED_GREEN.o)
 .ARM.attributes
                0x0000015a       0x31 .\CortexM0\ARM_GCC_493\Debug\fv1_controller.a(CyLib.o)
 .ARM.attributes
                0x0000018b       0x31 .\CortexM0\ARM_GCC_493\Debug\fv1_controller.a(D3.o)
 .ARM.attributes
                0x000001bc       0x31 .\CortexM0\ARM_GCC_493\Debug\fv1_controller.a(D4.o)
 .ARM.attributes
                0x000001ed       0x31 .\CortexM0\ARM_GCC_493\Debug\fv1_controller.a(D5.o)
 .ARM.attributes
                0x0000021e       0x31 .\CortexM0\ARM_GCC_493\Debug\fv1_controller.a(S0.o)
 .ARM.attributes
                0x0000024f       0x31 .\CortexM0\ARM_GCC_493\Debug\fv1_controller.a(S1.o)
 .ARM.attributes
                0x00000280       0x31 .\CortexM0\ARM_GCC_493\Debug\fv1_controller.a(S2.o)
 .ARM.attributes
                0x000002b1       0x31 .\CortexM0\ARM_GCC_493\Debug\fv1_controller.a(ADC.o)
 .ARM.attributes
                0x000002e2       0x31 .\CortexM0\ARM_GCC_493\Debug\fv1_controller.a(ADC_INT.o)
 .ARM.attributes
                0x00000313       0x21 .\CortexM0\ARM_GCC_493\Debug\fv1_controller.a(CyBootAsmGnu.o)
 .ARM.attributes
                0x00000334       0x1e c:/program files (x86)/cypress/psoc creator/4.0/psoc creator/import/gnu/arm/4.9.3/bin/../lib/gcc/arm-none-eabi/4.9.3/armv6-m\libgcc.a(_udivsi3.o)
 .ARM.attributes
                0x00000352       0x1e c:/program files (x86)/cypress/psoc creator/4.0/psoc creator/import/gnu/arm/4.9.3/bin/../lib/gcc/arm-none-eabi/4.9.3/armv6-m\libgcc.a(_divsi3.o)
 .ARM.attributes
                0x00000370       0x1e c:/program files (x86)/cypress/psoc creator/4.0/psoc creator/import/gnu/arm/4.9.3/bin/../lib/gcc/arm-none-eabi/4.9.3/armv6-m\libgcc.a(_dvmd_tls.o)
 .ARM.attributes
                0x0000038e       0x1e c:/program files (x86)/cypress/psoc creator/4.0/psoc creator/import/gnu/arm/4.9.3/bin/../lib/gcc/arm-none-eabi/4.9.3/armv6-m\libgcc.a(_aeabi_ldivmod.o)
 .ARM.attributes
                0x000003ac       0x2c c:/program files (x86)/cypress/psoc creator/4.0/psoc creator/import/gnu/arm/4.9.3/bin/../lib/gcc/arm-none-eabi/4.9.3/armv6-m\libgcc.a(_muldi3.o)
 .ARM.attributes
                0x000003d8       0x2c c:/program files (x86)/cypress/psoc creator/4.0/psoc creator/import/gnu/arm/4.9.3/bin/../lib/gcc/arm-none-eabi/4.9.3/armv6-m\libgcc.a(bpabi.o)
 .ARM.attributes
                0x00000404       0x2c c:/program files (x86)/cypress/psoc creator/4.0/psoc creator/import/gnu/arm/4.9.3/bin/../lib/gcc/arm-none-eabi/4.9.3/armv6-m\libgcc.a(divsf3.o)
 .ARM.attributes
                0x00000430       0x2c c:/program files (x86)/cypress/psoc creator/4.0/psoc creator/import/gnu/arm/4.9.3/bin/../lib/gcc/arm-none-eabi/4.9.3/armv6-m\libgcc.a(mulsf3.o)
 .ARM.attributes
                0x0000045c       0x2c c:/program files (x86)/cypress/psoc creator/4.0/psoc creator/import/gnu/arm/4.9.3/bin/../lib/gcc/arm-none-eabi/4.9.3/armv6-m\libgcc.a(floatsisf.o)
 .ARM.attributes
                0x00000488       0x1e c:/program files (x86)/cypress/psoc creator/4.0/psoc creator/import/gnu/arm/4.9.3/bin/../lib/gcc/arm-none-eabi/4.9.3/armv6-m\libgcc.a(_clzsi2.o)
 .ARM.attributes
                0x000004a6       0x2c c:/program files (x86)/cypress/psoc creator/4.0/psoc creator/import/gnu/arm/4.9.3/bin/../lib/gcc/arm-none-eabi/4.9.3/armv6-m\libgcc.a(_divdi3.o)
 .ARM.attributes
                0x000004d2       0x2c c:/program files (x86)/cypress/psoc creator/4.0/psoc creator/import/gnu/arm/4.9.3/bin/../lib/gcc/arm-none-eabi/4.9.3/armv6-m\libgcc.a(_udivdi3.o)
 .ARM.attributes
                0x000004fe       0x1e c:/program files (x86)/cypress/psoc creator/4.0/psoc creator/import/gnu/arm/4.9.3/bin/../lib/gcc/arm-none-eabi/4.9.3/armv6-m\libgcc.a(_clzdi2.o)
 .ARM.attributes
                0x0000051c       0x2c c:/program files (x86)/cypress/psoc creator/4.0/psoc creator/import/gnu/arm/4.9.3/bin/../lib/gcc/arm-none-eabi/4.9.3/../../../../arm-none-eabi/lib/armv6-m\libg_nano.a(lib_a-errno.o)
 .ARM.attributes
                0x00000548       0x2c c:/program files (x86)/cypress/psoc creator/4.0/psoc creator/import/gnu/arm/4.9.3/bin/../lib/gcc/arm-none-eabi/4.9.3/../../../../arm-none-eabi/lib/armv6-m\libg_nano.a(lib_a-exit.o)
 .ARM.attributes
                0x00000574       0x2c c:/program files (x86)/cypress/psoc creator/4.0/psoc creator/import/gnu/arm/4.9.3/bin/../lib/gcc/arm-none-eabi/4.9.3/../../../../arm-none-eabi/lib/armv6-m\libg_nano.a(lib_a-impure.o)
 .ARM.attributes
                0x000005a0       0x2c c:/program files (x86)/cypress/psoc creator/4.0/psoc creator/import/gnu/arm/4.9.3/bin/../lib/gcc/arm-none-eabi/4.9.3/../../../../arm-none-eabi/lib/armv6-m\libg_nano.a(lib_a-init.o)
 .ARM.attributes
                0x000005cc       0x2c c:/program files (x86)/cypress/psoc creator/4.0/psoc creator/import/gnu/arm/4.9.3/bin/../lib/gcc/arm-none-eabi/4.9.3/../../../../arm-none-eabi/lib/armv6-m\libg_nano.a(lib_a-memcpy.o)
 .ARM.attributes
                0x000005f8       0x2c c:/program files (x86)/cypress/psoc creator/4.0/psoc creator/import/gnu/arm/4.9.3/bin/../lib/gcc/arm-none-eabi/4.9.3/../../../../arm-none-eabi/lib/armv6-m\libg_nano.a(lib_a-memset.o)
 .ARM.attributes
                0x00000624       0x2c c:/program files (x86)/cypress/psoc creator/4.0/psoc creator/import/gnu/arm/4.9.3/bin/../lib/gcc/arm-none-eabi/4.9.3/armv6-m/crtend.o
 .ARM.attributes
                0x00000650       0x1e c:/program files (x86)/cypress/psoc creator/4.0/psoc creator/import/gnu/arm/4.9.3/bin/../lib/gcc/arm-none-eabi/4.9.3/armv6-m/crtn.o

/DISCARD/
 *(.note.GNU-stack)
OUTPUT(.\CortexM0\ARM_GCC_493\Debug\fv1_controller.elf elf32-littlearm)
